Component: ARM Compiler 5.06 update 7 (build 960) Tool: armlink [4d3601]

==============================================================================

Section Cross References

    startup_stm32f103xe.o(RESET) refers to startup_stm32f103xe.o(STACK) for __initial_sp
    startup_stm32f103xe.o(RESET) refers to startup_stm32f103xe.o(.text) for Reset_Handler
    startup_stm32f103xe.o(RESET) refers to stm32f1xx_it.o(i.NMI_Handler) for NMI_Handler
    startup_stm32f103xe.o(RESET) refers to stm32f1xx_it.o(i.HardFault_Handler) for HardFault_Handler
    startup_stm32f103xe.o(RESET) refers to stm32f1xx_it.o(i.MemManage_Handler) for MemManage_Handler
    startup_stm32f103xe.o(RESET) refers to stm32f1xx_it.o(i.BusFault_Handler) for BusFault_Handler
    startup_stm32f103xe.o(RESET) refers to stm32f1xx_it.o(i.UsageFault_Handler) for UsageFault_Handler
    startup_stm32f103xe.o(RESET) refers to stm32f1xx_it.o(i.SVC_Handler) for SVC_Handler
    startup_stm32f103xe.o(RESET) refers to stm32f1xx_it.o(i.DebugMon_Handler) for DebugMon_Handler
    startup_stm32f103xe.o(RESET) refers to stm32f1xx_it.o(i.PendSV_Handler) for PendSV_Handler
    startup_stm32f103xe.o(RESET) refers to stm32f1xx_it.o(i.SysTick_Handler) for SysTick_Handler
    startup_stm32f103xe.o(RESET) refers to stm32f1xx_it.o(i.EXTI1_IRQHandler) for EXTI1_IRQHandler
    startup_stm32f103xe.o(RESET) refers to stm32f1xx_it.o(i.DMA1_Channel7_IRQHandler) for DMA1_Channel7_IRQHandler
    startup_stm32f103xe.o(RESET) refers to stm32f1xx_it.o(i.EXTI9_5_IRQHandler) for EXTI9_5_IRQHandler
    startup_stm32f103xe.o(RESET) refers to stm32f1xx_it.o(i.USART2_IRQHandler) for USART2_IRQHandler
    startup_stm32f103xe.o(RESET) refers to stm32f1xx_it.o(i.TIM8_UP_IRQHandler) for TIM8_UP_IRQHandler
    startup_stm32f103xe.o(.text) refers to system_stm32f1xx.o(i.SystemInit) for SystemInit
    startup_stm32f103xe.o(.text) refers to entry.o(.ARM.Collect$$$$00000000) for __main
    key.o(i.keyscan) refers to stm32f1xx_hal_gpio.o(i.HAL_GPIO_ReadPin) for HAL_GPIO_ReadPin
    key.o(i.keyscan) refers to stm32f1xx_hal.o(i.HAL_Delay) for HAL_Delay
    key.o(i.keyscan) refers to stm32f1xx_hal_gpio.o(i.HAL_GPIO_WritePin) for HAL_GPIO_WritePin
    motor.o(i.Motor_PWM_Start) refers to stm32f1xx_hal_tim.o(i.HAL_TIM_PWM_Start) for HAL_TIM_PWM_Start
    motor.o(i.Motor_PWM_Start) refers to tim.o(.bss) for htim4
    motor.o(i.SetMotorSpeed) refers to stm32f1xx_hal_gpio.o(i.HAL_GPIO_WritePin) for HAL_GPIO_WritePin
    motor.o(i.SetMotorSpeed) refers to tim.o(.bss) for htim4
    motor.o(i.back) refers to motor.o(i.SetMotorSpeed) for SetMotorSpeed
    motor.o(i.back) refers to stm32f1xx_hal.o(i.HAL_Delay) for HAL_Delay
    motor.o(i.brake) refers to motor.o(i.SetMotorSpeed) for SetMotorSpeed
    motor.o(i.brake) refers to stm32f1xx_hal_gpio.o(i.HAL_GPIO_WritePin) for HAL_GPIO_WritePin
    motor.o(i.brake) refers to stm32f1xx_hal.o(i.HAL_Delay) for HAL_Delay
    motor.o(i.command_run) refers to motor.o(i.forward) for forward
    motor.o(i.command_run) refers to motor.o(i.back) for back
    motor.o(i.command_run) refers to motor.o(i.turn_left) for turn_left
    motor.o(i.command_run) refers to motor.o(i.turn_right) for turn_right
    motor.o(i.command_run) refers to motor.o(i.brake) for brake
    motor.o(i.command_run) refers to motor.o(i.spin_left) for spin_left
    motor.o(i.command_run) refers to motor.o(i.spin_right) for spin_right
    motor.o(i.command_run) refers to servo.o(i.pan_left) for pan_left
    motor.o(i.command_run) refers to servo.o(i.pan_right) for pan_right
    motor.o(i.command_run) refers to servo.o(i.pitch_up) for pitch_up
    motor.o(i.command_run) refers to servo.o(i.pitch_down) for pitch_down
    motor.o(i.forward) refers to motor.o(i.SetMotorSpeed) for SetMotorSpeed
    motor.o(i.forward) refers to stm32f1xx_hal.o(i.HAL_Delay) for HAL_Delay
    motor.o(i.spin_left) refers to motor.o(i.SetMotorSpeed) for SetMotorSpeed
    motor.o(i.spin_left) refers to stm32f1xx_hal.o(i.HAL_Delay) for HAL_Delay
    motor.o(i.spin_right) refers to motor.o(i.SetMotorSpeed) for SetMotorSpeed
    motor.o(i.spin_right) refers to stm32f1xx_hal.o(i.HAL_Delay) for HAL_Delay
    motor.o(i.turn_left) refers to motor.o(i.SetMotorSpeed) for SetMotorSpeed
    motor.o(i.turn_left) refers to stm32f1xx_hal.o(i.HAL_Delay) for HAL_Delay
    motor.o(i.turn_right) refers to motor.o(i.SetMotorSpeed) for SetMotorSpeed
    motor.o(i.turn_right) refers to stm32f1xx_hal.o(i.HAL_Delay) for HAL_Delay
    ir_tracing.o(i.TracingRun) refers to stm32f1xx_hal_gpio.o(i.HAL_GPIO_ReadPin) for HAL_GPIO_ReadPin
    ir_tracing.o(i.TracingRun) refers to ir_tracing.o(.data) for .data
    ultrasonicwave.o(i.UltrasonicWave_StartMeasure) refers to stm32f1xx_hal_gpio.o(i.HAL_GPIO_WritePin) for HAL_GPIO_WritePin
    ultrasonicwave.o(i.UltrasonicWave_StartMeasure) refers to tim.o(i.delay_us) for delay_us
    ultrasonicwave.o(i.UltrasonicWave_StartMeasure) refers to ffixi.o(.text) for __aeabi_f2iz
[...]
    Removing stm32f1xx_hal_rcc_ex.o(i.HAL_RCCEx_GetPeriphCLKFreq), (212 bytes).
    Removing stm32f1xx_hal_rcc_ex.o(i.HAL_RCCEx_PeriphCLKConfig), (236 bytes).
    Removing stm32f1xx_hal_gpio.o(.rev16_text), (4 bytes).
    Removing stm32f1xx_hal_gpio.o(.revsh_text), (4 bytes).
    Removing stm32f1xx_hal_gpio.o(.rrx_text), (6 bytes).
    Removing stm32f1xx_hal_gpio.o(i.HAL_GPIO_DeInit), (288 bytes).
    Removing stm32f1xx_hal_gpio.o(i.HAL_GPIO_EXTI_Callback), (2 bytes).
    Removing stm32f1xx_hal_gpio.o(i.HAL_GPIO_LockPin), (34 bytes).
    Removing stm32f1xx_hal_gpio.o(i.HAL_GPIO_TogglePin), (16 bytes).
    Removing stm32f1xx_hal_dma.o(.rev16_text), (4 bytes).
    Removing stm32f1xx_hal_dma.o(.revsh_text), (4 bytes).
    Removing stm32f1xx_hal_dma.o(.rrx_text), (6 bytes).
    Removing stm32f1xx_hal_dma.o(i.DMA_SetConfig), (42 bytes).
    Removing stm32f1xx_hal_dma.o(i.HAL_DMA_DeInit), (128 bytes).
    Removing stm32f1xx_hal_dma.o(i.HAL_DMA_GetError), (4 bytes).
    Removing stm32f1xx_hal_dma.o(i.HAL_DMA_GetState), (6 bytes).
    Removing stm32f1xx_hal_dma.o(i.HAL_DMA_PollForTransfer), (988 bytes).
    Removing stm32f1xx_hal_dma.o(i.HAL_DMA_RegisterCallback), (74 bytes).
    Removing stm32f1xx_hal_dma.o(i.HAL_DMA_Start), (80 bytes).
    Removing stm32f1xx_hal_dma.o(i.HAL_DMA_Start_IT), (112 bytes).
    Removing stm32f1xx_hal_dma.o(i.HAL_DMA_UnRegisterCallback), (82 bytes).
    Removing stm32f1xx_hal_cortex.o(.rev16_text), (4 bytes).
    Removing stm32f1xx_hal_cortex.o(.revsh_text), (4 bytes).
    Removing stm32f1xx_hal_cortex.o(.rrx_text), (6 bytes).
    Removing stm32f1xx_hal_cortex.o(i.HAL_NVIC_ClearPendingIRQ), (26 bytes).
    Removing stm32f1xx_hal_cortex.o(i.HAL_NVIC_DisableIRQ), (34 bytes).
    Removing stm32f1xx_hal_cortex.o(i.HAL_NVIC_GetActive), (36 bytes).
    Removing stm32f1xx_hal_cortex.o(i.HAL_NVIC_GetPendingIRQ), (36 bytes).
    Removing stm32f1xx_hal_cortex.o(i.HAL_NVIC_GetPriority), (82 bytes).
    Removing stm32f1xx_hal_cortex.o(i.HAL_NVIC_GetPriorityGrouping), (16 bytes).
    Removing stm32f1xx_hal_cortex.o(i.HAL_NVIC_SetPendingIRQ), (26 bytes).
    Removing stm32f1xx_hal_cortex.o(i.HAL_NVIC_SystemReset), (36 bytes).
    Removing stm32f1xx_hal_cortex.o(i.HAL_SYSTICK_CLKSourceConfig), (24 bytes).
    Removing stm32f1xx_hal_cortex.o(i.HAL_SYSTICK_Callback), (2 bytes).
    Removing stm32f1xx_hal_cortex.o(i.HAL_SYSTICK_IRQHandler), (8 bytes).
    Removing stm32f1xx_hal_pwr.o(.rev16_text), (4 bytes).
    Removing stm32f1xx_hal_pwr.o(.revsh_text), (4 bytes).
    Removing stm32f1xx_hal_pwr.o(.rrx_text), (6 bytes).
    Removing stm32f1xx_hal_pwr.o(i.HAL_PWR_ConfigPVD), (124 bytes).
    Removing stm32f1xx_hal_pwr.o(i.HAL_PWR_DeInit), (24 bytes).
    Removing stm32f1xx_hal_pwr.o(i.HAL_PWR_DisableBkUpAccess), (12 bytes).
    Removing stm32f1xx_hal_pwr.o(i.HAL_PWR_DisablePVD), (12 bytes).
    Removing stm32f1xx_hal_pwr.o(i.HAL_PWR_DisableSEVOnPend), (16 bytes).
    Removing stm32f1xx_hal_pwr.o(i.HAL_PWR_DisableSleepOnExit), (16 bytes).
    Removing stm32f1xx_hal_pwr.o(i.HAL_PWR_DisableWakeUpPin), (28 bytes).
    Removing stm32f1xx_hal_pwr.o(i.HAL_PWR_EnableBkUpAccess), (12 bytes).
    Removing stm32f1xx_hal_pwr.o(i.HAL_PWR_EnablePVD), (12 bytes).
    Removing stm32f1xx_hal_pwr.o(i.HAL_PWR_EnableSEVOnPend), (16 bytes).
    Removing stm32f1xx_hal_pwr.o(i.HAL_PWR_EnableSleepOnExit), (16 bytes).
    Removing stm32f1xx_hal_pwr.o(i.HAL_PWR_EnableWakeUpPin), (28 bytes).
    Removing stm32f1xx_hal_pwr.o(i.HAL_PWR_EnterSLEEPMode), (32 bytes).
    Removing stm32f1xx_hal_pwr.o(i.HAL_PWR_EnterSTANDBYMode), (32 bytes).
    Removing stm32f1xx_hal_pwr.o(i.HAL_PWR_EnterSTOPMode), (68 bytes).
    Removing stm32f1xx_hal_pwr.o(i.HAL_PWR_PVDCallback), (2 bytes).
    Removing stm32f1xx_hal_pwr.o(i.HAL_PWR_PVD_IRQHandler), (28 bytes).
    Removing stm32f1xx_hal_pwr.o(i.PWR_OverloadWfe), (6 bytes).
    Removing stm32f1xx_hal_flash.o(.rev16_text), (4 bytes).
    Removing stm32f1xx_hal_flash.o(.revsh_text), (4 bytes).
    Removing stm32f1xx_hal_flash.o(.rrx_text), (6 bytes).
    Removing stm32f1xx_hal_flash.o(i.FLASH_Program_HalfWord), (28 bytes).
    Removing stm32f1xx_hal_flash.o(i.FLASH_SetErrorCode), (92 bytes).
    Removing stm32f1xx_hal_flash.o(i.FLASH_WaitForLastOperation), (84 bytes).
    Removing stm32f1xx_hal_flash.o(i.HAL_FLASH_EndOfOperationCallback), (2 bytes).
    Removing stm32f1xx_hal_flash.o(i.HAL_FLASH_GetError), (12 bytes).
    Removing stm32f1xx_hal_flash.o(i.HAL_FLASH_IRQHandler), (264 bytes).
    Removing stm32f1xx_hal_flash.o(i.HAL_FLASH_Lock), (20 bytes).
    Removing stm32f1xx_hal_flash.o(i.HAL_FLASH_OB_Launch), (4 bytes).
    Removing stm32f1xx_hal_flash.o(i.HAL_FLASH_OB_Lock), (20 bytes).
    Removing stm32f1xx_hal_flash.o(i.HAL_FLASH_OB_Unlock), (36 bytes).
    Removing stm32f1xx_hal_flash.o(i.HAL_FLASH_OperationErrorCallback), (2 bytes).
    Removing stm32f1xx_hal_flash.o(i.HAL_FLASH_Program), (128 bytes).
    Removing stm32f1xx_hal_flash.o(i.HAL_FLASH_Program_IT), (100 bytes).
    Removing stm32f1xx_hal_flash.o(i.HAL_FLASH_Unlock), (40 bytes).
    Removing stm32f1xx_hal_flash.o(.bss), (32 bytes).
    Removing stm32f1xx_hal_flash_ex.o(.rev16_text), (4 bytes).
    Removing stm32f1xx_hal_flash_ex.o(.revsh_text), (4 bytes).
    Removing stm32f1xx_hal_flash_ex.o(.rrx_text), (6 bytes).
    Removing stm32f1xx_hal_flash_ex.o(i.FLASH_MassErase), (36 bytes).
    Removing stm32f1xx_hal_flash_ex.o(i.FLASH_OB_DisableWRP), (176 bytes).
    Removing stm32f1xx_hal_flash_ex.o(i.FLASH_OB_EnableWRP), (176 bytes).
    Removing stm32f1xx_hal_flash_ex.o(i.FLASH_OB_GetRDP), (24 bytes).
    Removing stm32f1xx_hal_flash_ex.o(i.FLASH_OB_RDP_LevelConfig), (100 bytes).
    Removing stm32f1xx_hal_flash_ex.o(i.FLASH_PageErase), (36 bytes).
    Removing stm32f1xx_hal_flash_ex.o(i.HAL_FLASHEx_Erase), (168 bytes).
    Removing stm32f1xx_hal_flash_ex.o(i.HAL_FLASHEx_Erase_IT), (84 bytes).
    Removing stm32f1xx_hal_flash_ex.o(i.HAL_FLASHEx_OBErase), (84 bytes).
    Removing stm32f1xx_hal_flash_ex.o(i.HAL_FLASHEx_OBGetConfig), (36 bytes).
    Removing stm32f1xx_hal_flash_ex.o(i.HAL_FLASHEx_OBGetUserData), (32 bytes).
    Removing stm32f1xx_hal_flash_ex.o(i.HAL_FLASHEx_OBProgram), (200 bytes).
    Removing stm32f1xx_hal_exti.o(.rev16_text), (4 bytes).
    Removing stm32f1xx_hal_exti.o(.revsh_text), (4 bytes).
    Removing stm32f1xx_hal_exti.o(.rrx_text), (6 bytes).
    Removing stm32f1xx_hal_exti.o(i.HAL_EXTI_ClearConfigLine), (104 bytes).
    Removing stm32f1xx_hal_exti.o(i.HAL_EXTI_ClearPending), (20 bytes).
    Removing stm32f1xx_hal_exti.o(i.HAL_EXTI_GenerateSWI), (20 bytes).
    Removing stm32f1xx_hal_exti.o(i.HAL_EXTI_GetConfigLine), (144 bytes).
    Removing stm32f1xx_hal_exti.o(i.HAL_EXTI_GetHandle), (12 bytes).
    Removing stm32f1xx_hal_exti.o(i.HAL_EXTI_GetPending), (24 bytes).
    Removing stm32f1xx_hal_exti.o(i.HAL_EXTI_IRQHandler), (36 bytes).
    Removing stm32f1xx_hal_exti.o(i.HAL_EXTI_RegisterCallback), (14 bytes).
    Removing stm32f1xx_hal_exti.o(i.HAL_EXTI_SetConfigLine), (164 bytes).
    Removing stm32f1xx_hal_uart.o(.rev16_text), (4 bytes).
    Removing stm32f1xx_hal_uart.o(.revsh_text), (4 bytes).
    Removing stm32f1xx_hal_uart.o(.rrx_text), (6 bytes).
    Removing stm32f1xx_hal_uart.o(i.HAL_HalfDuplex_EnableReceiver), (50 bytes).
    Removing stm32f1xx_hal_uart.o(i.HAL_HalfDuplex_EnableTransmitter), (50 bytes).
    Removing stm32f1xx_hal_uart.o(i.HAL_HalfDuplex_Init), (108 bytes).
    Removing stm32f1xx_hal_uart.o(i.HAL_LIN_Init), (128 bytes).
    Removing stm32f1xx_hal_uart.o(i.HAL_LIN_SendBreak), (46 bytes).
    Removing stm32f1xx_hal_uart.o(i.HAL_MultiProcessor_EnterMuteMode), (46 bytes).
    Removing stm32f1xx_hal_uart.o(i.HAL_MultiProcessor_ExitMuteMode), (46 bytes).
    Removing stm32f1xx_hal_uart.o(i.HAL_MultiProcessor_Init), (142 bytes).
    Removing stm32f1xx_hal_uart.o(i.HAL_UARTEx_ReceiveToIdle), (254 bytes).
    Removing stm32f1xx_hal_uart.o(i.HAL_UARTEx_ReceiveToIdle_DMA), (74 bytes).
    Removing stm32f1xx_hal_uart.o(i.HAL_UARTEx_ReceiveToIdle_IT), (74 bytes).
    Removing stm32f1xx_hal_uart.o(i.HAL_UART_Abort), (156 bytes).
    Removing stm32f1xx_hal_uart.o(i.HAL_UART_AbortCpltCallback), (2 bytes).
    Removing stm32f1xx_hal_uart.o(i.HAL_UART_AbortReceive), (106 bytes).
    Removing stm32f1xx_hal_uart.o(i.HAL_UART_AbortReceiveCpltCallback), (2 bytes).
    Removing stm32f1xx_hal_uart.o(i.HAL_UART_AbortReceive_IT), (112 bytes).
    Removing stm32f1xx_hal_uart.o(i.HAL_UART_AbortTransmit), (78 bytes).
    Removing stm32f1xx_hal_uart.o(i.HAL_UART_AbortTransmitCpltCallback), (2 bytes).
    Removing stm32f1xx_hal_uart.o(i.HAL_UART_AbortTransmit_IT), (84 bytes).
    Removing stm32f1xx_hal_uart.o(i.HAL_UART_Abort_IT), (188 bytes).
    Removing stm32f1xx_hal_uart.o(i.HAL_UART_DMAPause), (102 bytes).
    Removing stm32f1xx_hal_uart.o(i.HAL_UART_DMAResume), (94 bytes).
    Removing stm32f1xx_hal_uart.o(i.HAL_UART_DMAStop), (88 bytes).
    Removing stm32f1xx_hal_uart.o(i.HAL_UART_DeInit), (52 bytes).
    Removing stm32f1xx_hal_uart.o(i.HAL_UART_GetError), (4 bytes).
    Removing stm32f1xx_hal_uart.o(i.HAL_UART_GetState), (10 bytes).
    Removing stm32f1xx_hal_uart.o(i.HAL_UART_MspDeInit), (2 bytes).
    Removing stm32f1xx_hal_uart.o(i.HAL_UART_MspInit), (2 bytes).
    Removing stm32f1xx_hal_uart.o(i.HAL_UART_Receive), (192 bytes).
    Removing stm32f1xx_hal_uart.o(i.HAL_UART_Receive_DMA), (42 bytes).
    Removing stm32f1xx_hal_uart.o(i.HAL_UART_RxCpltCallback), (2 bytes).
    Removing stm32f1xx_hal_uart.o(i.HAL_UART_RxHalfCpltCallback), (2 bytes).
    Removing stm32f1xx_hal_uart.o(i.HAL_UART_Transmit_DMA), (128 bytes).
    Removing stm32f1xx_hal_uart.o(i.HAL_UART_Transmit_IT), (62 bytes).
    Removing stm32f1xx_hal_uart.o(i.HAL_UART_TxHalfCpltCallback), (2 bytes).
    Removing stm32f1xx_hal_uart.o(i.UART_DMAError), (74 bytes).
    Removing stm32f1xx_hal_uart.o(i.UART_DMAReceiveCplt), (90 bytes).
    Removing stm32f1xx_hal_uart.o(i.UART_DMARxAbortCallback), (44 bytes).
    Removing stm32f1xx_hal_uart.o(i.UART_DMARxHalfCplt), (26 bytes).
    Removing stm32f1xx_hal_uart.o(i.UART_DMARxOnlyAbortCallback), (22 bytes).
    Removing stm32f1xx_hal_uart.o(i.UART_DMATransmitCplt), (46 bytes).
    Removing stm32f1xx_hal_uart.o(i.UART_DMATxAbortCallback), (44 bytes).
    Removing stm32f1xx_hal_uart.o(i.UART_DMATxHalfCplt), (10 bytes).
    Removing stm32f1xx_hal_uart.o(i.UART_DMATxOnlyAbortCallback), (20 bytes).
    Removing stm32f1xx_hal_uart.o(i.UART_EndTxTransfer), (18 bytes).
    Removing stm32f1xx_hal_uart.o(i.UART_Start_Receive_DMA), (112 bytes).
    Removing system_stm32f1xx.o(.rev16_text), (4 bytes).
    Removing system_stm32f1xx.o(.revsh_text), (4 bytes).
    Removing system_stm32f1xx.o(.rrx_text), (6 bytes).
    Removing system_stm32f1xx.o(i.SystemCoreClockUpdate), (104 bytes).
    Removing ffixi.o(.text), (50 bytes).
    Removing dfixul.o(.text), (48 bytes).
    Removing cdrcmple.o(.text), (48 bytes).

399 unused section(s) (total 25476 bytes) removed from the image.

==============================================================================

Image Symbol Table

    Local Symbols

    Symbol Name                              Value     Ov Type        Size  Object(Section)

    ../Drivers/STM32F1xx_HAL_Driver/Src/stm32f1xx_hal.c 0x00000000   Number         0  stm32f1xx_hal.o ABSOLUTE
    ../Drivers/STM32F1xx_HAL_Driver/Src/stm32f1xx_hal_cortex.c 0x00000000   Number         0  stm32f1xx_hal_cortex.o ABSOLUTE
    ../Drivers/STM32F1xx_HAL_Driver/Src/stm32f1xx_hal_dma.c 0x00000000   Number         0  stm32f1xx_hal_dma.o ABSOLUTE
    ../Drivers/STM32F1xx_HAL_Driver/Src/stm32f1xx_hal_exti.c 0x00000000   Number         0  stm32f1xx_hal_exti.o ABSOLUTE
    ../Drivers/STM32F1xx_HAL_Driver/Src/stm32f1xx_hal_flash.c 0x00000000   Number         0  stm32f1xx_hal_flash.o ABSOLUTE
    ../Drivers/STM32F1xx_HAL_Driver/Src/stm32f1xx_hal_flash_ex.c 0x00000000   Number         0  stm32f1xx_hal_flash_ex.o ABSOLUTE
    ../Drivers/STM32F1xx_HAL_Driver/Src/stm32f1xx_hal_gpio.c 0x00000000   Number         0  stm32f1xx_hal_gpio.o ABSOLUTE
    ../Drivers/STM32F1xx_HAL_Driver/Src/stm32f1xx_hal_gpio_ex.c 0x00000000   Number         0  stm32f1xx_hal_gpio_ex.o ABSOLUTE
    ../Drivers/STM32F1xx_HAL_Driver/Src/stm32f1xx_hal_pwr.c 0x00000000   Number         0  stm32f1xx_hal_pwr.o ABSOLUTE
    ../Drivers/STM32F1xx_HAL_Driver/Src/stm32f1xx_hal_rcc.c 0x00000000   Number         0  stm32f1xx_hal_rcc.o ABSOLUTE
    ../Drivers/STM32F1xx_HAL_Driver/Src/stm32f1xx_hal_rcc_ex.c 0x00000000   Number         0  stm32f1xx_hal_rcc_ex.o ABSOLUTE
    ../Drivers/STM32F1xx_HAL_Driver/Src/stm32f1xx_hal_tim.c 0x00000000   Number         0  stm32f1xx_hal_tim.o ABSOLUTE
    ../Drivers/STM32F1xx_HAL_Driver/Src/stm32f1xx_hal_tim_ex.c 0x00000000   Number         0  stm32f1xx_hal_tim_ex.o ABSOLUTE
    ../Drivers/STM32F1xx_HAL_Driver/Src/stm32f1xx_hal_uart.c 0x00000000   Number         0  stm32f1xx_hal_uart.o ABSOLUTE
    ../Src/dma.c                             0x00000000   Number         0  dma.o ABSOLUTE
    ../Src/gpio.c                            0x00000000   Number         0  gpio.o ABSOLUTE
    ../Src/main.c                            0x00000000   Number         0  main.o ABSOLUTE
    ../Src/stm32f1xx_hal_msp.c               0x00000000   Number         0  stm32f1xx_hal_msp.o ABSOLUTE
    ../Src/stm32f1xx_it.c                    0x00000000   Number         0  stm32f1xx_it.o ABSOLUTE
    ../Src/system_stm32f1xx.c                0x00000000   Number         0  system_stm32f1xx.o ABSOLUTE
    ../Src/tim.c                             0x00000000   Number         0  tim.o ABSOLUTE
    ../Src/usart.c                           0x00000000   Number         0  usart.o ABSOLUTE
    ../clib/microlib/division.c              0x00000000   Number         0  uidiv.o ABSOLUTE
    ../clib/microlib/division.c              0x00000000   Number         0  uldiv.o ABSOLUTE
    ../clib/microlib/init/entry.s            0x00000000   Number         0  entry.o ABSOLUTE
    ../clib/microlib/init/entry.s            0x00000000   Number         0  entry8a.o ABSOLUTE
    ../clib/microlib/init/entry.s            0x00000000   Number         0  entry8b.o ABSOLUTE
    ../clib/microlib/init/entry.s            0x00000000   Number         0  entry10a.o ABSOLUTE
    ../clib/microlib/init/entry.s            0x00000000   Number         0  entry9a.o ABSOLUTE
    ../clib/microlib/init/entry.s            0x00000000   Number         0  entry11b.o ABSOLUTE
    ../clib/microlib/init/entry.s            0x00000000   Number         0  entry12a.o ABSOLUTE
    ../clib/microlib/init/entry.s            0x00000000   Number         0  entry12b.o ABSOLUTE
    ../clib/microlib/init/entry.s            0x00000000   Number         0  entry11a.o ABSOLUTE
    ../clib/microlib/init/entry.s            0x00000000   Number         0  entry10b.o ABSOLUTE
    ../clib/microlib/init/entry.s            0x00000000   Number         0  entry9b.o ABSOLUTE
    ../clib/microlib/init/entry.s            0x00000000   Number         0  entry2.o ABSOLUTE
    ../clib/microlib/init/entry.s            0x00000000   Number         0  entry5.o ABSOLUTE
    ../clib/microlib/init/entry.s            0x00000000   Number         0  entry7a.o ABSOLUTE
    ../clib/microlib/init/entry.s            0x00000000   Number         0  entry7b.o ABSOLUTE
    ../clib/microlib/longlong.c              0x00000000   Number         0  llsshr.o ABSOLUTE
    ../clib/microlib/longlong.c              0x00000000   Number         0  llshl.o ABSOLUTE
    ../clib/microlib/longlong.c              0x00000000   Number         0  llushr.o ABSOLUTE
    ../clib/microlib/printf/printf.c         0x00000000   Number         0  printf7.o ABSOLUTE
    ../clib/microlib/printf/printf.c         0x00000000   Number         0  printf8.o ABSOLUTE
    ../clib/microlib/printf/printf.c         0x00000000   Number         0  printf3.o ABSOLUTE
    ../clib/microlib/printf/printf.c         0x00000000   Number         0  printfa.o ABSOLUTE
    ../clib/microlib/printf/printf.c         0x00000000   Number         0  printf4.o ABSOLUTE
    ../clib/microlib/printf/printf.c         0x00000000   Number         0  printf6.o ABSOLUTE
    ../clib/microlib/printf/printf.c         0x00000000   Number         0  printf5.o ABSOLUTE
    ../clib/microlib/printf/printf.c         0x00000000   Number         0  printf2.o ABSOLUTE
    ../clib/microlib/printf/printf.c         0x00000000   Number         0  printf1.o ABSOLUTE
    ../clib/microlib/printf/printf.c         0x00000000   Number         0  printf0.o ABSOLUTE
    ../clib/microlib/printf/printf.c         0x00000000   Number         0  printfb.o ABSOLUTE
    ../clib/microlib/printf/stubs.s          0x00000000   Number         0  stubs.o ABSOLUTE
    ../clib/microlib/stdio/streams.c         0x00000000   Number         0  stdout.o ABSOLUTE
    ../clib/microlib/string/memset.c         0x00000000   Number         0  memseta.o ABSOLUTE
    ../clib/microlib/stubs.s                 0x00000000   Number         0  iusefp.o ABSOLUTE
    ../fplib/microlib/f2d.c                  0x00000000   Number         0  f2d.o ABSOLUTE
    ../fplib/microlib/fpadd.c                0x00000000   Number         0  dadd.o ABSOLUTE
    ../fplib/microlib/fpdiv.c                0x00000000   Number         0  ddiv.o ABSOLUTE
    ../fplib/microlib/fpepilogue.c           0x00000000   Number         0  fepilogue.o ABSOLUTE
    ../fplib/microlib/fpepilogue.c           0x00000000   Number         0  depilogue.o ABSOLUTE
    ../fplib/microlib/fpfix.c                0x00000000   Number         0  ffixi.o ABSOLUTE
    ../fplib/microlib/fpfix.c                0x00000000   Number         0  ffixui.o ABSOLUTE
    ../fplib/microlib/fpfix.c                0x00000000   Number         0  dfixul.o ABSOLUTE
    ../fplib/microlib/fpfix.c                0x00000000   Number         0  dfixui.o ABSOLUTE
    ../fplib/microlib/fpflt.c                0x00000000   Number         0  fflti.o ABSOLUTE
    ../fplib/microlib/fpflt.c                0x00000000   Number         0  ffltui.o ABSOLUTE
    ../fplib/microlib/fpmul.c                0x00000000   Number         0  dmul.o ABSOLUTE
    ..\Drivers\STM32F1xx_HAL_Driver\Src\stm32f1xx_hal.c 0x00000000   Number         0  stm32f1xx_hal.o ABSOLUTE
    ..\Drivers\STM32F1xx_HAL_Driver\Src\stm32f1xx_hal_cortex.c 0x00000000   Number         0  stm32f1xx_hal_cortex.o ABSOLUTE
    ..\Drivers\STM32F1xx_HAL_Driver\Src\stm32f1xx_hal_dma.c 0x00000000   Number         0  stm32f1xx_hal_dma.o ABSOLUTE
    ..\Drivers\STM32F1xx_HAL_Driver\Src\stm32f1xx_hal_exti.c 0x00000000   Number         0  stm32f1xx_hal_exti.o ABSOLUTE
    ..\Drivers\STM32F1xx_HAL_Driver\Src\stm32f1xx_hal_flash.c 0x00000000   Number         0  stm32f1xx_hal_flash.o ABSOLUTE
    ..\Drivers\STM32F1xx_HAL_Driver\Src\stm32f1xx_hal_flash_ex.c 0x00000000   Number         0  stm32f1xx_hal_flash_ex.o ABSOLUTE
    ..\Drivers\STM32F1xx_HAL_Driver\Src\stm32f1xx_hal_gpio.c 0x00000000   Number         0  stm32f1xx_hal_gpio.o ABSOLUTE
    ..\Drivers\STM32F1xx_HAL_Driver\Src\stm32f1xx_hal_gpio_ex.c 0x00000000   Number         0  stm32f1xx_hal_gpio_ex.o ABSOLUTE
    ..\Drivers\STM32F1xx_HAL_Driver\Src\stm32f1xx_hal_pwr.c 0x00000000   Number         0  stm32f1xx_hal_pwr.o ABSOLUTE
    ..\Drivers\STM32F1xx_HAL_Driver\Src\stm32f1xx_hal_rcc.c 0x00000000   Number         0  stm32f1xx_hal_rcc.o ABSOLUTE
    ..\Drivers\STM32F1xx_HAL_Driver\Src\stm32f1xx_hal_rcc_ex.c 0x00000000   Number         0  stm32f1xx_hal_rcc_ex.o ABSOLUTE
    ..\Drivers\STM32F1xx_HAL_Driver\Src\stm32f1xx_hal_tim.c 0x00000000   Number         0  stm32f1xx_hal_tim.o ABSOLUTE
    ..\Drivers\STM32F1xx_HAL_Driver\Src\stm32f1xx_hal_tim_ex.c 0x00000000   Number         0  stm32f1xx_hal_tim_ex.o ABSOLUTE
    ..\Drivers\STM32F1xx_HAL_Driver\Src\stm32f1xx_hal_uart.c 0x00000000   Number         0  stm32f1xx_hal_uart.o ABSOLUTE
    ..\Src\IR_Tracing.c                      0x00000000   Number         0  ir_tracing.o ABSOLUTE
    ..\Src\UltrasonicWave.c                  0x00000000   Number         0  ultrasonicwave.o ABSOLUTE
    ..\Src\WIFI_Command.c                    0x00000000   Number         0  wifi_command.o ABSOLUTE
    ..\Src\beeper.c                          0x00000000   Number         0  beeper.o ABSOLUTE
    ..\Src\dma.c                             0x00000000   Number         0  dma.o ABSOLUTE
    ..\Src\gpio.c                            0x00000000   Number         0  gpio.o ABSOLUTE
    ..\Src\key.c                             0x00000000   Number         0  key.o ABSOLUTE
    ..\Src\main.c                            0x00000000   Number         0  main.o ABSOLUTE
    ..\Src\motor.c                           0x00000000   Number         0  motor.o ABSOLUTE
    ..\Src\servo.c                           0x00000000   Number         0  servo.o ABSOLUTE
    ..\Src\stm32f1xx_hal_msp.c               0x00000000   Number         0  stm32f1xx_hal_msp.o ABSOLUTE
    ..\Src\stm32f1xx_it.c                    0x00000000   Number         0  stm32f1xx_it.o ABSOLUTE
    ..\Src\system_stm32f1xx.c                0x00000000   Number         0  system_stm32f1xx.o ABSOLUTE
    ..\Src\tim.c                             0x00000000   Number         0  tim.o ABSOLUTE
    ..\Src\usart.c                           0x00000000   Number         0  usart.o ABSOLUTE
    ..\\Src\\IR_Tracing.c                    0x00000000   Number         0  ir_tracing.o ABSOLUTE
    ..\\Src\\UltrasonicWave.c                0x00000000   Number         0  ultrasonicwave.o ABSOLUTE
    ..\\Src\\WIFI_Command.c                  0x00000000   Number         0  wifi_command.o ABSOLUTE
    ..\\Src\\beeper.c                        0x00000000   Number         0  beeper.o ABSOLUTE
    ..\\Src\\key.c                           0x00000000   Number         0  key.o ABSOLUTE
    ..\\Src\\motor.c                         0x00000000   Number         0  motor.o ABSOLUTE
    ..\\Src\\servo.c                         0x00000000   Number         0  servo.o ABSOLUTE
    cdrcmple.s                               0x00000000   Number         0  cdrcmple.o ABSOLUTE
    dc.s                                     0x00000000   Number         0  dc.o ABSOLUTE
    handlers.s                               0x00000000   Number         0  handlers.o ABSOLUTE
    init.s                                   0x00000000   Number         0  init.o ABSOLUTE
    startup_stm32f103xe.s                    0x00000000   Number         0  startup_stm32f103xe.o ABSOLUTE
    RESET                                    0x08000000   Section      304  startup_stm32f103xe.o(RESET)
    .ARM.Collect$$$$00000000                 0x08000130   Section        0  entry.o(.ARM.Collect$$$$00000000)
    .ARM.Collect$$$$00000001                 0x08000130   Section        4  entry2.o(.ARM.Collect$$$$00000001)
    .ARM.Collect$$$$00000004                 0x08000134   Section        4  entry5.o(.ARM.Collect$$$$00000004)
    .ARM.Collect$$$$00000008                 0x08000138   Section        0  entry7b.o(.ARM.Collect$$$$00000008)
    .ARM.Collect$$$$0000000A                 0x08000138   Section        0  entry8b.o(.ARM.Collect$$$$0000000A)
    .ARM.Collect$$$$0000000B                 0x08000138   Section        8  entry9a.o(.ARM.Collect$$$$0000000B)
    .ARM.Collect$$$$0000000E                 0x08000140   Section        4  entry12b.o(.ARM.Collect$$$$0000000E)
    .ARM.Collect$$$$0000000F                 0x08000144   Section        0  entry10a.o(.ARM.Collect$$$$0000000F)
    .ARM.Collect$$$$00000011                 0x08000144   Section        0  entry11a.o(.ARM.Collect$$$$00000011)
    .ARM.Collect$$$$00002712                 0x08000144   Section        4  entry2.o(.ARM.Collect$$$$00002712)
    __lit__00000000                          0x08000144   Data           4  entry2.o(.ARM.Collect$$$$00002712)
    .text                                    0x08000148   Section       36  startup_stm32f103xe.o(.text)
    .text                                    0x0800016c   Section        0  llushr.o(.text)
    .text                                    0x0800018c   Section        0  memseta.o(.text)
    .text                                    0x080001b0   Section        0  dadd.o(.text)
    .text                                    0x080002fe   Section        0  dmul.o(.text)
    .text                                    0x080003e2   Section        0  ddiv.o(.text)
    .text                                    0x080004c0   Section        0  fflti.o(.text)
    .text                                    0x080004d2   Section        0  ffltui.o(.text)
    .text                                    0x080004dc   Section        0  ffixui.o(.text)
    .text                                    0x08000504   Section        0  dfixui.o(.text)
    .text                                    0x08000536   Section        0  f2d.o(.text)
    .text                                    0x0800055c   Section        0  uidiv.o(.text)
    .text                                    0x08000588   Section        0  llshl.o(.text)
    .text                                    0x080005a6   Section        0  llsshr.o(.text)
    .text                                    0x080005ca   Section        0  iusefp.o(.text)
    .text                                    0x080005ca   Section        0  fepilogue.o(.text)
    .text                                    0x08000638   Section        0  depilogue.o(.text)
    .text                                    0x080006f4   Section       36  init.o(.text)
    i.BusFault_Handler                       0x08000718   Section        0  stm32f1xx_it.o(i.BusFault_Handler)
    i.DMA1_Channel7_IRQHandler               0x0800071c   Section        0  stm32f1xx_it.o(i.DMA1_Channel7_IRQHandler)
    i.DebugMon_Handler                       0x08000728   Section        0  stm32f1xx_it.o(i.DebugMon_Handler)
    i.EXTI1_IRQHandler                       0x0800072a   Section        0  stm32f1xx_it.o(i.EXTI1_IRQHandler)
    i.EXTI9_5_IRQHandler                     0x08000730   Section        0  stm32f1xx_it.o(i.EXTI9_5_IRQHandler)
    i.Error_Handler                          0x08000738   Section        0  main.o(i.Error_Handler)
    i.HAL_DMA_Abort                          0x0800076c   Section        0  stm32f1xx_hal_dma.o(i.HAL_DMA_Abort)
    i.HAL_DMA_Abort_IT                       0x080007b4   Section        0  stm32f1xx_hal_dma.o(i.HAL_DMA_Abort_IT)
    i.HAL_DMA_IRQHandler                     0x080008e4   Section        0  stm32f1xx_hal_dma.o(i.HAL_DMA_IRQHandler)
    i.HAL_DMA_Init                           0x08000b2c   Section        0  stm32f1xx_hal_dma.o(i.HAL_DMA_Init)
    i.HAL_Delay                              0x08000ba8   Section        0  stm32f1xx_hal.o(i.HAL_Delay)
    i.HAL_GPIO_EXTI_Callback                 0x08000bcc   Section        0  main.o(i.HAL_GPIO_EXTI_Callback)
    i.HAL_GPIO_EXTI_IRQHandler               0x08000be8   Section        0  stm32f1xx_hal_gpio.o(i.HAL_GPIO_EXTI_IRQHandler)
    i.HAL_GPIO_Init                          0x08000c00   Section        0  stm32f1xx_hal_gpio.o(i.HAL_GPIO_Init)
    i.HAL_GPIO_ReadPin                       0x08000df8   Section        0  stm32f1xx_hal_gpio.o(i.HAL_GPIO_ReadPin)
    i.HAL_GPIO_WritePin                      0x08000e02   Section        0  stm32f1xx_hal_gpio.o(i.HAL_GPIO_WritePin)
    i.HAL_GetTick                            0x08000e0c   Section        0  stm32f1xx_hal.o(i.HAL_GetTick)
    i.HAL_IncTick                            0x08000e18   Section        0  stm32f1xx_hal.o(i.HAL_IncTick)
    i.HAL_Init                               0x08000e28   Section        0  stm32f1xx_hal.o(i.HAL_Init)
    i.HAL_InitTick                           0x08000e4c   Section        0  stm32f1xx_hal.o(i.HAL_InitTick)
    i.HAL_MspInit                            0x08000e8c   Section        0  stm32f1xx_hal_msp.o(i.HAL_MspInit)
    i.HAL_NVIC_EnableIRQ                     0x08000ed0   Section        0  stm32f1xx_hal_cortex.o(i.HAL_NVIC_EnableIRQ)
    i.HAL_NVIC_SetPriority                   0x08000eec   Section        0  stm32f1xx_hal_cortex.o(i.HAL_NVIC_SetPriority)
    i.HAL_NVIC_SetPriorityGrouping           0x08000f2c   Section        0  stm32f1xx_hal_cortex.o(i.HAL_NVIC_SetPriorityGrouping)
    i.HAL_RCC_ClockConfig                    0x08000f50   Section        0  stm32f1xx_hal_rcc.o(i.HAL_RCC_ClockConfig)
    i.HAL_RCC_GetPCLK1Freq                   0x0800107c   Section        0  stm32f1xx_hal_rcc.o(i.HAL_RCC_GetPCLK1Freq)
    i.HAL_RCC_GetPCLK2Freq                   0x0800109c   Section        0  stm32f1xx_hal_rcc.o(i.HAL_RCC_GetPCLK2Freq)
    i.HAL_RCC_GetSysClockFreq                0x080010bc   Section        0  stm32f1xx_hal_rcc.o(i.HAL_RCC_GetSysClockFreq)
    i.HAL_RCC_OscConfig                      0x08001128   Section        0  stm32f1xx_hal_rcc.o(i.HAL_RCC_OscConfig)
    i.HAL_SYSTICK_Config                     0x08001448   Section        0  stm32f1xx_hal_cortex.o(i.HAL_SYSTICK_Config)
    i.HAL_TIMEx_BreakCallback                0x08001470   Section        0  stm32f1xx_hal_tim_ex.o(i.HAL_TIMEx_BreakCallback)
    i.HAL_TIMEx_CommutCallback               0x08001472   Section        0  stm32f1xx_hal_tim_ex.o(i.HAL_TIMEx_CommutCallback)
    i.HAL_TIMEx_MasterConfigSynchronization  0x08001474   Section        0  stm32f1xx_hal_tim_ex.o(i.HAL_TIMEx_MasterConfigSynchronization)
    i.HAL_TIM_Base_Init                      0x080014f0   Section        0  stm32f1xx_hal_tim.o(i.HAL_TIM_Base_Init)
    i.HAL_TIM_Base_MspInit                   0x0800154c   Section        0  tim.o(i.HAL_TIM_Base_MspInit)
    i.HAL_TIM_Base_Start                     0x080015b8   Section        0  stm32f1xx_hal_tim.o(i.HAL_TIM_Base_Start)
    i.HAL_TIM_ConfigClockSource              0x0800161c   Section        0  stm32f1xx_hal_tim.o(i.HAL_TIM_ConfigClockSource)
    i.HAL_TIM_IC_CaptureCallback             0x080016f2   Section        0  stm32f1xx_hal_tim.o(i.HAL_TIM_IC_CaptureCallback)
    i.HAL_TIM_IRQHandler                     0x080016f4   Section        0  stm32f1xx_hal_tim.o(i.HAL_TIM_IRQHandler)
    i.HAL_TIM_MspPostInit                    0x0800185c   Section        0  tim.o(i.HAL_TIM_MspPostInit)
    i.HAL_TIM_OC_DelayElapsedCallback        0x080018f0   Section        0  stm32f1xx_hal_tim.o(i.HAL_TIM_OC_DelayElapsedCallback)
    i.HAL_TIM_PWM_ConfigChannel              0x080018f2   Section        0  stm32f1xx_hal_tim.o(i.HAL_TIM_PWM_ConfigChannel)
    i.HAL_TIM_PWM_Init                       0x080019b8   Section        0  stm32f1xx_hal_tim.o(i.HAL_TIM_PWM_Init)
    i.HAL_TIM_PWM_MspInit                    0x08001a14   Section        0  tim.o(i.HAL_TIM_PWM_MspInit)
    i.HAL_TIM_PWM_PulseFinishedCallback      0x08001a54   Section        0  stm32f1xx_hal_tim.o(i.HAL_TIM_PWM_PulseFinishedCallback)
    i.HAL_TIM_PWM_Start                      0x08001a58   Section        0  stm32f1xx_hal_tim.o(i.HAL_TIM_PWM_Start)
    i.HAL_TIM_PeriodElapsedCallback          0x08001b0c   Section        0  stm32f1xx_hal_tim.o(i.HAL_TIM_PeriodElapsedCallback)
    i.HAL_TIM_TriggerCallback                0x08001b0e   Section        0  stm32f1xx_hal_tim.o(i.HAL_TIM_TriggerCallback)
    i.HAL_UARTEx_RxEventCallback             0x08001b10   Section        0  stm32f1xx_hal_uart.o(i.HAL_UARTEx_RxEventCallback)
    i.HAL_UART_ErrorCallback                 0x08001b12   Section        0  stm32f1xx_hal_uart.o(i.HAL_UART_ErrorCallback)
    i.HAL_UART_IRQHandler                    0x08001b14   Section        0  stm32f1xx_hal_uart.o(i.HAL_UART_IRQHandler)
    i.HAL_UART_Init                          0x08001d20   Section        0  stm32f1xx_hal_uart.o(i.HAL_UART_Init)
    i.HAL_UART_MspInit                       0x08001d84   Section        0  usart.o(i.HAL_UART_MspInit)
    i.HAL_UART_Receive_IT                    0x08001e38   Section        0  stm32f1xx_hal_uart.o(i.HAL_UART_Receive_IT)
    i.HAL_UART_RxCpltCallback                0x08001e64   Section        0  main.o(i.HAL_UART_RxCpltCallback)
    i.HAL_UART_Transmit                      0x08001e98   Section        0  stm32f1xx_hal_uart.o(i.HAL_UART_Transmit)
    i.HAL_UART_TxCpltCallback                0x08001f4a   Section        0  stm32f1xx_hal_uart.o(i.HAL_UART_TxCpltCallback)
    i.HardFault_Handler                      0x08001f4c   Section        0  stm32f1xx_it.o(i.HardFault_Handler)
    i.MX_DMA_Init                            0x08001f50   Section        0  dma.o(i.MX_DMA_Init)
    i.MX_GPIO_Init                           0x08001f7c   Section        0  gpio.o(i.MX_GPIO_Init)
    i.MX_TIM1_Init                           0x08002090   Section        0  tim.o(i.MX_TIM1_Init)
    i.MX_TIM2_Init                           0x080020fc   Section        0  tim.o(i.MX_TIM2_Init)
    i.MX_TIM3_Init                           0x08002160   Section        0  tim.o(i.MX_TIM3_Init)
    i.MX_TIM4_Init                           0x080021f4   Section        0  tim.o(i.MX_TIM4_Init)
    i.MX_TIM8_Init                           0x08002278   Section        0  tim.o(i.MX_TIM8_Init)
    i.MX_USART2_UART_Init                    0x080022e4   Section        0  usart.o(i.MX_USART2_UART_Init)
    i.MemManage_Handler                      0x0800231c   Section        0  stm32f1xx_it.o(i.MemManage_Handler)
    i.Motor_PWM_Start                        0x08002320   Section        0  motor.o(i.Motor_PWM_Start)
    i.NMI_Handler                            0x0800233c   Section        0  stm32f1xx_it.o(i.NMI_Handler)
    i.PendSV_Handler                         0x0800233e   Section        0  stm32f1xx_it.o(i.PendSV_Handler)
    i.SVC_Handler                            0x08002340   Section        0  stm32f1xx_it.o(i.SVC_Handler)
    i.Servo_PWM_Start                        0x08002344   Section        0  servo.o(i.Servo_PWM_Start)
    i.SetJointAngle                          0x08002360   Section        0  servo.o(i.SetJointAngle)
    i.SetMotorSpeed                          0x080023c4   Section        0  motor.o(i.SetMotorSpeed)
    i.SysTick_Handler                        0x08002474   Section        0  stm32f1xx_it.o(i.SysTick_Handler)
    i.SystemClock_Config                     0x08002478   Section        0  main.o(i.SystemClock_Config)
    i.SystemInit                             0x080024d6   Section        0  system_stm32f1xx.o(i.SystemInit)
    i.TIM8_UP_IRQHandler                     0x080024d8   Section        0  stm32f1xx_it.o(i.TIM8_UP_IRQHandler)
    i.TIM_Base_SetConfig                     0x080024e4   Section        0  stm32f1xx_hal_tim.o(i.TIM_Base_SetConfig)
    i.TIM_CCxChannelCmd                      0x08002570   Section        0  stm32f1xx_hal_tim.o(i.TIM_CCxChannelCmd)
    i.TIM_ETR_SetConfig                      0x0800258a   Section        0  stm32f1xx_hal_tim.o(i.TIM_ETR_SetConfig)
    i.TIM_ITRx_SetConfig                     0x0800259e   Section        0  stm32f1xx_hal_tim.o(i.TIM_ITRx_SetConfig)
    TIM_ITRx_SetConfig                       0x0800259f   Thumb Code    16  stm32f1xx_hal_tim.o(i.TIM_ITRx_SetConfig)
    i.TIM_OC1_SetConfig                      0x080025b0   Section        0  stm32f1xx_hal_tim.o(i.TIM_OC1_SetConfig)
    TIM_OC1_SetConfig                        0x080025b1   Thumb Code    88  stm32f1xx_hal_tim.o(i.TIM_OC1_SetConfig)
    i.TIM_OC2_SetConfig                      0x08002610   Section        0  stm32f1xx_hal_tim.o(i.TIM_OC2_SetConfig)
    i.TIM_OC3_SetConfig                      0x0800267c   Section        0  stm32f1xx_hal_tim.o(i.TIM_OC3_SetConfig)
    TIM_OC3_SetConfig                        0x0800267d   Thumb Code    96  stm32f1xx_hal_tim.o(i.TIM_OC3_SetConfig)
    i.TIM_OC4_SetConfig                      0x080026e4   Section        0  stm32f1xx_hal_tim.o(i.TIM_OC4_SetConfig)
    TIM_OC4_SetConfig                        0x080026e5   Thumb Code    70  stm32f1xx_hal_tim.o(i.TIM_OC4_SetConfig)
    i.TIM_TI1_ConfigInputStage               0x08002734   Section        0  stm32f1xx_hal_tim.o(i.TIM_TI1_ConfigInputStage)
    TIM_TI1_ConfigInputStage                 0x08002735   Thumb Code    34  stm32f1xx_hal_tim.o(i.TIM_TI1_ConfigInputStage)
    i.TIM_TI2_ConfigInputStage               0x08002756   Section        0  stm32f1xx_hal_tim.o(i.TIM_TI2_ConfigInputStage)
    TIM_TI2_ConfigInputStage                 0x08002757   Thumb Code    36  stm32f1xx_hal_tim.o(i.TIM_TI2_ConfigInputStage)
    i.UART_DMAAbortOnError                   0x0800277a   Section        0  stm32f1xx_hal_uart.o(i.UART_DMAAbortOnError)
    UART_DMAAbortOnError                     0x0800277b   Thumb Code    16  stm32f1xx_hal_uart.o(i.UART_DMAAbortOnError)
    i.UART_EndRxTransfer                     0x0800278a   Section        0  stm32f1xx_hal_uart.o(i.UART_EndRxTransfer)
    UART_EndRxTransfer                       0x0800278b   Thumb Code    48  stm32f1xx_hal_uart.o(i.UART_EndRxTransfer)
    i.UART_Receive_IT                        0x080027ba   Section        0  stm32f1xx_hal_uart.o(i.UART_Receive_IT)
    UART_Receive_IT                          0x080027bb   Thumb Code   182  stm32f1xx_hal_uart.o(i.UART_Receive_IT)
    i.UART_SetConfig                         0x08002870   Section        0  stm32f1xx_hal_uart.o(i.UART_SetConfig)
    UART_SetConfig                           0x08002871   Thumb Code   178  stm32f1xx_hal_uart.o(i.UART_SetConfig)
    i.UART_Start_Receive_IT                  0x08002928   Section        0  stm32f1xx_hal_uart.o(i.UART_Start_Receive_IT)
    i.UART_WaitOnFlagUntilTimeout            0x0800295e   Section        0  stm32f1xx_hal_uart.o(i.UART_WaitOnFlagUntilTimeout)
    UART_WaitOnFlagUntilTimeout              0x0800295f   Thumb Code   100  stm32f1xx_hal_uart.o(i.UART_WaitOnFlagUntilTimeout)
    i.USART2_IRQHandler                      0x080029c4   Section        0  stm32f1xx_it.o(i.USART2_IRQHandler)
    i.UsageFault_Handler                     0x080029d0   Section        0  stm32f1xx_it.o(i.UsageFault_Handler)
    i.__0printf$1                            0x080029d4   Section        0  printf1.o(i.__0printf$1)
    i.__NVIC_SetPriority                     0x080029f4   Section        0  stm32f1xx_hal_cortex.o(i.__NVIC_SetPriority)
    __NVIC_SetPriority                       0x080029f5   Thumb Code    32  stm32f1xx_hal_cortex.o(i.__NVIC_SetPriority)
    i.__scatterload_copy                     0x08002a14   Section       14  handlers.o(i.__scatterload_copy)
    i.__scatterload_null                     0x08002a22   Section        2  handlers.o(i.__scatterload_null)
    i.__scatterload_zeroinit                 0x08002a24   Section       14  handlers.o(i.__scatterload_zeroinit)
    i._printf_core                           0x08002a34   Section        0  printf1.o(i._printf_core)
    _printf_core                             0x08002a35   Thumb Code   336  printf1.o(i._printf_core)
    i.back                                   0x08002b88   Section        0  motor.o(i.back)
    i.brake                                  0x08002bac   Section        0  motor.o(i.brake)
    i.command_run                            0x08002be8   Section        0  motor.o(i.command_run)
    i.forward                                0x08002c6c   Section        0  motor.o(i.forward)
    i.fputc                                  0x08002c8c   Section        0  usart.o(i.fputc)
    i.keyscan                                0x08002ca4   Section        0  key.o(i.keyscan)
    i.main                                   0x08002d04   Section        0  main.o(i.main)
    i.pan_left                               0x08002db8   Section        0  servo.o(i.pan_left)
    i.pan_right                              0x08002de0   Section        0  servo.o(i.pan_right)
    i.pitch_down                             0x08002e08   Section        0  servo.o(i.pitch_down)
    i.pitch_up                               0x08002e30   Section        0  servo.o(i.pitch_up)
    i.spin_left                              0x08002e58   Section        0  motor.o(i.spin_left)
    i.spin_right                             0x08002e7e   Section        0  motor.o(i.spin_right)
    i.turn_left                              0x08002ea4   Section        0  motor.o(i.turn_left)
    i.turn_right                             0x08002ec4   Section        0  motor.o(i.turn_right)
    .constdata                               0x08002ee2   Section       16  system_stm32f1xx.o(.constdata)
    .constdata                               0x08002ef2   Section        8  system_stm32f1xx.o(.constdata)
    .data                                    0x20000000   Section        8  servo.o(.data)
    .data                                    0x20000008   Section        2  usart.o(.data)
    .data                                    0x2000000a   Section        1  usart.o(.data)
    .data                                    0x2000000b   Section        3  usart.o(.data)
    .data                                    0x20000010   Section       12  stm32f1xx_hal.o(.data)
    .data                                    0x2000001c   Section        4  system_stm32f1xx.o(.data)
    .data                                    0x20000020   Section        4  stdout.o(.data)
    .bss                                     0x20000024   Section      360  tim.o(.bss)
    .bss                                     0x2000018c   Section      136  usart.o(.bss)
    STACK                                    0x20000218   Section     1024  startup_stm32f103xe.o(STACK)

    Global Symbols

    Symbol Name                              Value     Ov Type        Size  Object(Section)

    BuildAttributes$$THM_ISAv4$P$D$K$B$S$PE$A:L22UL41UL21$X:L11$S22US41US21$IEEE1$IW$USESV6$~STKCKD$USESV7$~SHL$OTIME$ROPI$EBA8$MICROLIB$REQ8$PRES8$EABIv2 0x00000000   Number         0  anon$$obj.o ABSOLUTE
    __ARM_use_no_argv                        0x00000000   Number         0  main.o ABSOLUTE
    _printf_a                                0x00000000   Number         0  stubs.o ABSOLUTE
    _printf_c                                0x00000000   Number         0  stubs.o ABSOLUTE
    _printf_charcount                        0x00000000   Number         0  stubs.o ABSOLUTE
    _printf_d                                0x00000000   Number         0  stubs.o ABSOLUTE
    _printf_e                                0x00000000   Number         0  stubs.o ABSOLUTE
    _printf_f                                0x00000000   Number         0  stubs.o ABSOLUTE
    _printf_flags                            0x00000000   Number         0  stubs.o ABSOLUTE
    _printf_fp_dec                           0x00000000   Number         0  stubs.o ABSOLUTE
    _printf_fp_hex                           0x00000000   Number         0  stubs.o ABSOLUTE
    _printf_g                                0x00000000   Number         0  stubs.o ABSOLUTE
    _printf_i                                0x00000000   Number         0  stubs.o ABSOLUTE
    _printf_int_dec                          0x00000000   Number         0  stubs.o ABSOLUTE
    _printf_l                                0x00000000   Number         0  stubs.o ABSOLUTE
    _printf_lc                               0x00000000   Number         0  stubs.o ABSOLUTE
    _printf_ll                               0x00000000   Number         0  stubs.o ABSOLUTE
    _printf_lld                              0x00000000   Number         0  stubs.o ABSOLUTE
    _printf_lli                              0x00000000   Number         0  stubs.o ABSOLUTE
    _printf_llo                              0x00000000   Number         0  stubs.o ABSOLUTE
    _printf_llu                              0x00000000   Number         0  stubs.o ABSOLUTE
    _printf_llx                              0x00000000   Number         0  stubs.o ABSOLUTE
    _printf_longlong_dec                     0x00000000   Number         0  stubs.o ABSOLUTE
    _printf_longlong_hex                     0x00000000   Number         0  stubs.o ABSOLUTE
    _printf_longlong_oct                     0x00000000   Number         0  stubs.o ABSOLUTE
    _printf_ls                               0x00000000   Number         0  stubs.o ABSOLUTE
    _printf_mbtowc                           0x00000000   Number         0  stubs.o ABSOLUTE
    _printf_n                                0x00000000   Number         0  stubs.o ABSOLUTE
    _printf_o                                0x00000000   Number         0  stubs.o ABSOLUTE
    _printf_p                                0x00000000   Number         0  stubs.o ABSOLUTE
    _printf_percent                          0x00000000   Number         0  stubs.o ABSOLUTE
    _printf_pre_padding                      0x00000000   Number         0  stubs.o ABSOLUTE
    _printf_return_value                     0x00000000   Number         0  stubs.o ABSOLUTE
    _printf_s                                0x00000000   Number         0  stubs.o ABSOLUTE
    _printf_sizespec                         0x00000000   Number         0  stubs.o ABSOLUTE
    _printf_str                              0x00000000   Number         0  stubs.o ABSOLUTE
    _printf_truncate_signed                  0x00000000   Number         0  stubs.o ABSOLUTE
    _printf_truncate_unsigned                0x00000000   Number         0  stubs.o ABSOLUTE
    _printf_u                                0x00000000   Number         0  stubs.o ABSOLUTE
    _printf_wc                               0x00000000   Number         0  stubs.o ABSOLUTE
    _printf_wctomb                           0x00000000   Number         0  stubs.o ABSOLUTE
    _printf_widthprec                        0x00000000   Number         0  stubs.o ABSOLUTE
    _printf_x                                0x00000000   Number         0  stubs.o ABSOLUTE
    __arm_fini_                               - Undefined Weak Reference
    __cpp_initialize__aeabi_                  - Undefined Weak Reference
    __cxa_finalize                            - Undefined Weak Reference
    __decompress                              - Undefined Weak Reference
    _clock_init                               - Undefined Weak Reference
    _microlib_exit                            - Undefined Weak Reference
    __Vectors_Size                           0x00000130   Number         0  startup_stm32f103xe.o ABSOLUTE
    __Vectors                                0x08000000   Data           4  startup_stm32f103xe.o(RESET)
    __Vectors_End                            0x08000130   Data           0  startup_stm32f103xe.o(RESET)
    __main                                   0x08000131   Thumb Code     0  entry.o(.ARM.Collect$$$$00000000)
    _main_stk                                0x08000131   Thumb Code     0  entry2.o(.ARM.Collect$$$$00000001)
    _main_scatterload                        0x08000135   Thumb Code     0  entry5.o(.ARM.Collect$$$$00000004)
    __main_after_scatterload                 0x08000139   Thumb Code     0  entry5.o(.ARM.Collect$$$$00000004)
    _main_clock                              0x08000139   Thumb Code     0  entry7b.o(.ARM.Collect$$$$00000008)
    _main_cpp_init                           0x08000139   Thumb Code     0  entry8b.o(.ARM.Collect$$$$0000000A)
    _main_init                               0x08000139   Thumb Code     0  entry9a.o(.ARM.Collect$$$$0000000B)
    __rt_lib_shutdown_fini                   0x08000141   Thumb Code     0  entry12b.o(.ARM.Collect$$$$0000000E)
    __rt_final_cpp                           0x08000145   Thumb Code     0  entry10a.o(.ARM.Collect$$$$0000000F)
    __rt_final_exit                          0x08000145   Thumb Code     0  entry11a.o(.ARM.Collect$$$$00000011)
    Reset_Handler                            0x08000149   Thumb Code     8  startup_stm32f103xe.o(.text)
    ADC1_2_IRQHandler                        0x08000163   Thumb Code     0  startup_stm32f103xe.o(.text)
    ADC3_IRQHandler                          0x08000163   Thumb Code     0  startup_stm32f103xe.o(.text)
    CAN1_RX1_IRQHandler                      0x08000163   Thumb Code     0  startup_stm32f103xe.o(.text)
    CAN1_SCE_IRQHandler                      0x08000163   Thumb Code     0  startup_stm32f103xe.o(.text)
    DMA1_Channel1_IRQHandler                 0x08000163   Thumb Code     0  startup_stm32f103xe.o(.text)
    DMA1_Channel2_IRQHandler                 0x08000163   Thumb Code     0  startup_stm32f103xe.o(.text)
    DMA1_Channel3_IRQHandler                 0x08000163   Thumb Code     0  startup_stm32f103xe.o(.text)
    DMA1_Channel4_IRQHandler                 0x08000163   Thumb Code     0  startup_stm32f103xe.o(.text)
    DMA1_Channel5_IRQHandler                 0x08000163   Thumb Code     0  startup_stm32f103xe.o(.text)
    DMA1_Channel6_IRQHandler                 0x08000163   Thumb Code     0  startup_stm32f103xe.o(.text)
    DMA2_Channel1_IRQHandler                 0x08000163   Thumb Code     0  startup_stm32f103xe.o(.text)
    DMA2_Channel2_IRQHandler                 0x08000163   Thumb Code     0  startup_stm32f103xe.o(.text)
    DMA2_Channel3_IRQHandler                 0x08000163   Thumb Code     0  startup_stm32f103xe.o(.text)
    DMA2_Channel4_5_IRQHandler               0x08000163   Thumb Code     0  startup_stm32f103xe.o(.text)
    EXTI0_IRQHandler                         0x08000163   Thumb Code     0  startup_stm32f103xe.o(.text)
    EXTI15_10_IRQHandler                     0x08000163   Thumb Code     0  startup_stm32f103xe.o(.text)
    EXTI2_IRQHandler                         0x08000163   Thumb Code     0  startup_stm32f103xe.o(.text)
    EXTI3_IRQHandler                         0x08000163   Thumb Code     0  startup_stm32f103xe.o(.text)
    EXTI4_IRQHandler                         0x08000163   Thumb Code     0  startup_stm32f103xe.o(.text)
    FLASH_IRQHandler                         0x08000163   Thumb Code     0  startup_stm32f103xe.o(.text)
    FSMC_IRQHandler                          0x08000163   Thumb Code     0  startup_stm32f103xe.o(.text)
    I2C1_ER_IRQHandler                       0x08000163   Thumb Code     0  startup_stm32f103xe.o(.text)
    I2C1_EV_IRQHandler                       0x08000163   Thumb Code     0  startup_stm32f103xe.o(.text)
    I2C2_ER_IRQHandler                       0x08000163   Thumb Code     0  startup_stm32f103xe.o(.text)
    I2C2_EV_IRQHandler                       0x08000163   Thumb Code     0  startup_stm32f103xe.o(.text)
    PVD_IRQHandler                           0x08000163   Thumb Code     0  startup_stm32f103xe.o(.text)
    RCC_IRQHandler                           0x08000163   Thumb Code     0  startup_stm32f103xe.o(.text)
    RTC_Alarm_IRQHandler                     0x08000163   Thumb Code     0  startup_stm32f103xe.o(.text)
    RTC_IRQHandler                           0x08000163   Thumb Code     0  startup_stm32f103xe.o(.text)
    SDIO_IRQHandler                          0x08000163   Thumb Code     0  startup_stm32f103xe.o(.text)
    SPI1_IRQHandler                          0x08000163   Thumb Code     0  startup_stm32f103xe.o(.text)
    SPI2_IRQHandler                          0x08000163   Thumb Code     0  startup_stm32f103xe.o(.text)
    SPI3_IRQHandler                          0x08000163   Thumb Code     0  startup_stm32f103xe.o(.text)
    TAMPER_IRQHandler                        0x08000163   Thumb Code     0  startup_stm32f103xe.o(.text)
    TIM1_BRK_IRQHandler                      0x08000163   Thumb Code     0  startup_stm32f103xe.o(.text)
    TIM1_CC_IRQHandler                       0x08000163   Thumb Code     0  startup_stm32f103xe.o(.text)
    TIM1_TRG_COM_IRQHandler                  0x08000163   Thumb Code     0  startup_stm32f103xe.o(.text)
    TIM1_UP_IRQHandler                       0x08000163   Thumb Code     0  startup_stm32f103xe.o(.text)
    TIM2_IRQHandler                          0x08000163   Thumb Code     0  startup_stm32f103xe.o(.text)
    TIM3_IRQHandler                          0x08000163   Thumb Code     0  startup_stm32f103xe.o(.text)
    TIM4_IRQHandler                          0x08000163   Thumb Code     0  startup_stm32f103xe.o(.text)
    TIM5_IRQHandler                          0x08000163   Thumb Code     0  startup_stm32f103xe.o(.text)
    TIM6_IRQHandler                          0x08000163   Thumb Code     0  startup_stm32f103xe.o(.text)
    TIM7_IRQHandler                          0x08000163   Thumb Code     0  startup_stm32f103xe.o(.text)
    TIM8_BRK_IRQHandler                      0x08000163   Thumb Code     0  startup_stm32f103xe.o(.text)
    TIM8_CC_IRQHandler                       0x08000163   Thumb Code     0  startup_stm32f103xe.o(.text)
    TIM8_TRG_COM_IRQHandler                  0x08000163   Thumb Code     0  startup_stm32f103xe.o(.text)
    UART4_IRQHandler                         0x08000163   Thumb Code     0  startup_stm32f103xe.o(.text)
    UART5_IRQHandler                         0x08000163   Thumb Code     0  startup_stm32f103xe.o(.text)
    USART1_IRQHandler                        0x08000163   Thumb Code     0  startup_stm32f103xe.o(.text)
    USART3_IRQHandler                        0x08000163   Thumb Code     0  startup_stm32f103xe.o(.text)
    USBWakeUp_IRQHandler                     0x08000163   Thumb Code     0  startup_stm32f103xe.o(.text)
    USB_HP_CAN1_TX_IRQHandler                0x08000163   Thumb Code     0  startup_stm32f103xe.o(.text)
    USB_LP_CAN1_RX0_IRQHandler               0x08000163   Thumb Code     0  startup_stm32f103xe.o(.text)
    WWDG_IRQHandler                          0x08000163   Thumb Code     0  startup_stm32f103xe.o(.text)
    __aeabi_llsr                             0x0800016d   Thumb Code    32  llushr.o(.text)
    _ll_ushift_r                             0x0800016d   Thumb Code     0  llushr.o(.text)
    __aeabi_memset                           0x0800018d   Thumb Code    14  memseta.o(.text)
    __aeabi_memset4                          0x0800018d   Thumb Code     0  memseta.o(.text)
    __aeabi_memset8                          0x0800018d   Thumb Code     0  memseta.o(.text)
    __aeabi_memclr                           0x0800019b   Thumb Code     4  memseta.o(.text)
    __aeabi_memclr4                          0x0800019b   Thumb Code     0  memseta.o(.text)
    __aeabi_memclr8                          0x0800019b   Thumb Code     0  memseta.o(.text)
    _memset$wrapper                          0x0800019f   Thumb Code    18  memseta.o(.text)
    __aeabi_dadd                             0x080001b1   Thumb Code   322  dadd.o(.text)
    __aeabi_dsub                             0x080002f3   Thumb Code     6  dadd.o(.text)
    __aeabi_drsub                            0x080002f9   Thumb Code     6  dadd.o(.text)
    __aeabi_dmul                             0x080002ff   Thumb Code   228  dmul.o(.text)
    __aeabi_ddiv                             0x080003e3   Thumb Code   222  ddiv.o(.text)
    __aeabi_i2f                              0x080004c1   Thumb Code    18  fflti.o(.text)
    __aeabi_ui2f                             0x080004d3   Thumb Code    10  ffltui.o(.text)
    __aeabi_f2uiz                            0x080004dd   Thumb Code    40  ffixui.o(.text)
    __aeabi_d2uiz                            0x08000505   Thumb Code    50  dfixui.o(.text)
    __aeabi_f2d                              0x08000537   Thumb Code    38  f2d.o(.text)
    __aeabi_uidiv                            0x0800055d   Thumb Code     0  uidiv.o(.text)
    __aeabi_uidivmod                         0x0800055d   Thumb Code    44  uidiv.o(.text)
    __aeabi_llsl                             0x08000589   Thumb Code    30  llshl.o(.text)
    _ll_shift_l                              0x08000589   Thumb Code     0  llshl.o(.text)
    __aeabi_lasr                             0x080005a7   Thumb Code    36  llsshr.o(.text)
    _ll_sshift_r                             0x080005a7   Thumb Code     0  llsshr.o(.text)
    __I$use$fp                               0x080005cb   Thumb Code     0  iusefp.o(.text)
    _float_round                             0x080005cb   Thumb Code    18  fepilogue.o(.text)
    _float_epilogue                          0x080005dd   Thumb Code    92  fepilogue.o(.text)
    _double_round                            0x08000639   Thumb Code    30  depilogue.o(.text)
    _double_epilogue                         0x08000657   Thumb Code   156  depilogue.o(.text)
    __scatterload                            0x080006f5   Thumb Code    28  init.o(.text)
    __scatterload_rt2                        0x080006f5   Thumb Code     0  init.o(.text)
    BusFault_Handler                         0x08000719   Thumb Code     2  stm32f1xx_it.o(i.BusFault_Handler)
    DMA1_Channel7_IRQHandler                 0x0800071d   Thumb Code     6  stm32f1xx_it.o(i.DMA1_Channel7_IRQHandler)
    DebugMon_Handler                         0x08000729   Thumb Code     2  stm32f1xx_it.o(i.DebugMon_Handler)
    EXTI1_IRQHandler                         0x0800072b   Thumb Code     6  stm32f1xx_it.o(i.EXTI1_IRQHandler)
    EXTI9_5_IRQHandler                       0x08000731   Thumb Code     8  stm32f1xx_it.o(i.EXTI9_5_IRQHandler)
    Error_Handler                            0x08000739   Thumb Code    46  main.o(i.Error_Handler)
    HAL_DMA_Abort                            0x0800076d   Thumb Code    70  stm32f1xx_hal_dma.o(i.HAL_DMA_Abort)
    HAL_DMA_Abort_IT                         0x080007b5   Thumb Code   296  stm32f1xx_hal_dma.o(i.HAL_DMA_Abort_IT)
    HAL_DMA_IRQHandler                       0x080008e5   Thumb Code   552  stm32f1xx_hal_dma.o(i.HAL_DMA_IRQHandler)
    HAL_DMA_Init                             0x08000b2d   Thumb Code   112  stm32f1xx_hal_dma.o(i.HAL_DMA_Init)
    HAL_Delay                                0x08000ba9   Thumb Code    32  stm32f1xx_hal.o(i.HAL_Delay)
    HAL_GPIO_EXTI_Callback                   0x08000bcd   Thumb Code    18  main.o(i.HAL_GPIO_EXTI_Callback)
    HAL_GPIO_EXTI_IRQHandler                 0x08000be9   Thumb Code    18  stm32f1xx_hal_gpio.o(i.HAL_GPIO_EXTI_IRQHandler)
    HAL_GPIO_Init                            0x08000c01   Thumb Code   462  stm32f1xx_hal_gpio.o(i.HAL_GPIO_Init)
    HAL_GPIO_ReadPin                         0x08000df9   Thumb Code    10  stm32f1xx_hal_gpio.o(i.HAL_GPIO_ReadPin)
    HAL_GPIO_WritePin                        0x08000e03   Thumb Code    10  stm32f1xx_hal_gpio.o(i.HAL_GPIO_WritePin)
    HAL_GetTick                              0x08000e0d   Thumb Code     6  stm32f1xx_hal.o(i.HAL_GetTick)
    HAL_IncTick                              0x08000e19   Thumb Code    12  stm32f1xx_hal.o(i.HAL_IncTick)
    HAL_Init                                 0x08000e29   Thumb Code    32  stm32f1xx_hal.o(i.HAL_Init)
    HAL_InitTick                             0x08000e4d   Thumb Code    54  stm32f1xx_hal.o(i.HAL_InitTick)
    HAL_MspInit                              0x08000e8d   Thumb Code    58  stm32f1xx_hal_msp.o(i.HAL_MspInit)
    HAL_NVIC_EnableIRQ                       0x08000ed1   Thumb Code    26  stm32f1xx_hal_cortex.o(i.HAL_NVIC_EnableIRQ)
    HAL_NVIC_SetPriority                     0x08000eed   Thumb Code    60  stm32f1xx_hal_cortex.o(i.HAL_NVIC_SetPriority)
    HAL_NVIC_SetPriorityGrouping             0x08000f2d   Thumb Code    26  stm32f1xx_hal_cortex.o(i.HAL_NVIC_SetPriorityGrouping)
    HAL_RCC_ClockConfig                      0x08000f51   Thumb Code   280  stm32f1xx_hal_rcc.o(i.HAL_RCC_ClockConfig)
    HAL_RCC_GetPCLK1Freq                     0x0800107d   Thumb Code    20  stm32f1xx_hal_rcc.o(i.HAL_RCC_GetPCLK1Freq)
    HAL_RCC_GetPCLK2Freq                     0x0800109d   Thumb Code    20  stm32f1xx_hal_rcc.o(i.HAL_RCC_GetPCLK2Freq)
    HAL_RCC_GetSysClockFreq                  0x080010bd   Thumb Code    74  stm32f1xx_hal_rcc.o(i.HAL_RCC_GetSysClockFreq)
    HAL_RCC_OscConfig                        0x08001129   Thumb Code   778  stm32f1xx_hal_rcc.o(i.HAL_RCC_OscConfig)
    HAL_SYSTICK_Config                       0x08001449   Thumb Code    40  stm32f1xx_hal_cortex.o(i.HAL_SYSTICK_Config)
    HAL_TIMEx_BreakCallback                  0x08001471   Thumb Code     2  stm32f1xx_hal_tim_ex.o(i.HAL_TIMEx_BreakCallback)
    HAL_TIMEx_CommutCallback                 0x08001473   Thumb Code     2  stm32f1xx_hal_tim_ex.o(i.HAL_TIMEx_CommutCallback)
    HAL_TIMEx_MasterConfigSynchronization    0x08001475   Thumb Code   104  stm32f1xx_hal_tim_ex.o(i.HAL_TIMEx_MasterConfigSynchronization)
    HAL_TIM_Base_Init                        0x080014f1   Thumb Code    90  stm32f1xx_hal_tim.o(i.HAL_TIM_Base_Init)
    HAL_TIM_Base_MspInit                     0x0800154d   Thumb Code    94  tim.o(i.HAL_TIM_Base_MspInit)
    HAL_TIM_Base_Start                       0x080015b9   Thumb Code    78  stm32f1xx_hal_tim.o(i.HAL_TIM_Base_Start)
    HAL_TIM_ConfigClockSource                0x0800161d   Thumb Code   214  stm32f1xx_hal_tim.o(i.HAL_TIM_ConfigClockSource)
    HAL_TIM_IC_CaptureCallback               0x080016f3   Thumb Code     2  stm32f1xx_hal_tim.o(i.HAL_TIM_IC_CaptureCallback)
    HAL_TIM_IRQHandler                       0x080016f5   Thumb Code   358  stm32f1xx_hal_tim.o(i.HAL_TIM_IRQHandler)
    HAL_TIM_MspPostInit                      0x0800185d   Thumb Code   126  tim.o(i.HAL_TIM_MspPostInit)
    HAL_TIM_OC_DelayElapsedCallback          0x080018f1   Thumb Code     2  stm32f1xx_hal_tim.o(i.HAL_TIM_OC_DelayElapsedCallback)
    HAL_TIM_PWM_ConfigChannel                0x080018f3   Thumb Code   198  stm32f1xx_hal_tim.o(i.HAL_TIM_PWM_ConfigChannel)
    HAL_TIM_PWM_Init                         0x080019b9   Thumb Code    90  stm32f1xx_hal_tim.o(i.HAL_TIM_PWM_Init)
    HAL_TIM_PWM_MspInit                      0x08001a15   Thumb Code    52  tim.o(i.HAL_TIM_PWM_MspInit)
    HAL_TIM_PWM_PulseFinishedCallback        0x08001a55   Thumb Code     2  stm32f1xx_hal_tim.o(i.HAL_TIM_PWM_PulseFinishedCallback)
    HAL_TIM_PWM_Start                        0x08001a59   Thumb Code   160  stm32f1xx_hal_tim.o(i.HAL_TIM_PWM_Start)
    HAL_TIM_PeriodElapsedCallback            0x08001b0d   Thumb Code     2  stm32f1xx_hal_tim.o(i.HAL_TIM_PeriodElapsedCallback)
    HAL_TIM_TriggerCallback                  0x08001b0f   Thumb Code     2  stm32f1xx_hal_tim.o(i.HAL_TIM_TriggerCallback)
    HAL_UARTEx_RxEventCallback               0x08001b11   Thumb Code     2  stm32f1xx_hal_uart.o(i.HAL_UARTEx_RxEventCallback)
    HAL_UART_ErrorCallback                   0x08001b13   Thumb Code     2  stm32f1xx_hal_uart.o(i.HAL_UART_ErrorCallback)
    HAL_UART_IRQHandler                      0x08001b15   Thumb Code   520  stm32f1xx_hal_uart.o(i.HAL_UART_IRQHandler)
    HAL_UART_Init                            0x08001d21   Thumb Code    98  stm32f1xx_hal_uart.o(i.HAL_UART_Init)
    HAL_UART_MspInit                         0x08001d85   Thumb Code   158  usart.o(i.HAL_UART_MspInit)
    HAL_UART_Receive_IT                      0x08001e39   Thumb Code    42  stm32f1xx_hal_uart.o(i.HAL_UART_Receive_IT)
    HAL_UART_RxCpltCallback                  0x08001e65   Thumb Code    34  main.o(i.HAL_UART_RxCpltCallback)
    HAL_UART_Transmit                        0x08001e99   Thumb Code   178  stm32f1xx_hal_uart.o(i.HAL_UART_Transmit)
    HAL_UART_TxCpltCallback                  0x08001f4b   Thumb Code     2  stm32f1xx_hal_uart.o(i.HAL_UART_TxCpltCallback)
    HardFault_Handler                        0x08001f4d   Thumb Code     2  stm32f1xx_it.o(i.HardFault_Handler)
    MX_DMA_Init                              0x08001f51   Thumb Code    40  dma.o(i.MX_DMA_Init)
    MX_GPIO_Init                             0x08001f7d   Thumb Code   254  gpio.o(i.MX_GPIO_Init)
    MX_TIM1_Init                             0x08002091   Thumb Code    98  tim.o(i.MX_TIM1_Init)
    MX_TIM2_Init                             0x080020fd   Thumb Code    96  tim.o(i.MX_TIM2_Init)
    MX_TIM3_Init                             0x08002161   Thumb Code   138  tim.o(i.MX_TIM3_Init)
    MX_TIM4_Init                             0x080021f5   Thumb Code   122  tim.o(i.MX_TIM4_Init)
    MX_TIM8_Init                             0x08002279   Thumb Code   100  tim.o(i.MX_TIM8_Init)
    MX_USART2_UART_Init                      0x080022e5   Thumb Code    48  usart.o(i.MX_USART2_UART_Init)
    MemManage_Handler                        0x0800231d   Thumb Code     2  stm32f1xx_it.o(i.MemManage_Handler)
    Motor_PWM_Start                          0x08002321   Thumb Code    22  motor.o(i.Motor_PWM_Start)
    NMI_Handler                              0x0800233d   Thumb Code     2  stm32f1xx_it.o(i.NMI_Handler)
    PendSV_Handler                           0x0800233f   Thumb Code     2  stm32f1xx_it.o(i.PendSV_Handler)
    SVC_Handler                              0x08002341   Thumb Code     2  stm32f1xx_it.o(i.SVC_Handler)
    Servo_PWM_Start                          0x08002345   Thumb Code    22  servo.o(i.Servo_PWM_Start)
    SetJointAngle                            0x08002361   Thumb Code    84  servo.o(i.SetJointAngle)
    SetMotorSpeed                            0x080023c5   Thumb Code   162  motor.o(i.SetMotorSpeed)
    SysTick_Handler                          0x08002475   Thumb Code     4  stm32f1xx_it.o(i.SysTick_Handler)
    SystemClock_Config                       0x08002479   Thumb Code    94  main.o(i.SystemClock_Config)
    SystemInit                               0x080024d7   Thumb Code     2  system_stm32f1xx.o(i.SystemInit)
    TIM8_UP_IRQHandler                       0x080024d9   Thumb Code     6  stm32f1xx_it.o(i.TIM8_UP_IRQHandler)
    TIM_Base_SetConfig                       0x080024e5   Thumb Code   120  stm32f1xx_hal_tim.o(i.TIM_Base_SetConfig)
    TIM_CCxChannelCmd                        0x08002571   Thumb Code    26  stm32f1xx_hal_tim.o(i.TIM_CCxChannelCmd)
    TIM_ETR_SetConfig                        0x0800258b   Thumb Code    20  stm32f1xx_hal_tim.o(i.TIM_ETR_SetConfig)
    TIM_OC2_SetConfig                        0x08002611   Thumb Code    98  stm32f1xx_hal_tim.o(i.TIM_OC2_SetConfig)
    UART_Start_Receive_IT                    0x08002929   Thumb Code    54  stm32f1xx_hal_uart.o(i.UART_Start_Receive_IT)
    USART2_IRQHandler                        0x080029c5   Thumb Code     6  stm32f1xx_it.o(i.USART2_IRQHandler)
    UsageFault_Handler                       0x080029d1   Thumb Code     2  stm32f1xx_it.o(i.UsageFault_Handler)
    __0printf$1                              0x080029d5   Thumb Code    22  printf1.o(i.__0printf$1)
    __1printf$1                              0x080029d5   Thumb Code     0  printf1.o(i.__0printf$1)
    __2printf                                0x080029d5   Thumb Code     0  printf1.o(i.__0printf$1)
    __scatterload_copy                       0x08002a15   Thumb Code    14  handlers.o(i.__scatterload_copy)
    __scatterload_null                       0x08002a23   Thumb Code     2  handlers.o(i.__scatterload_null)
    __scatterload_zeroinit                   0x08002a25   Thumb Code    14  handlers.o(i.__scatterload_zeroinit)
    back                                     0x08002b89   Thumb Code    34  motor.o(i.back)
    brake                                    0x08002bad   Thumb Code    50  motor.o(i.brake)
    command_run                              0x08002be9   Thumb Code   132  motor.o(i.command_run)
    forward                                  0x08002c6d   Thumb Code    32  motor.o(i.forward)
    fputc                                    0x08002c8d   Thumb Code    20  usart.o(i.fputc)
    keyscan                                  0x08002ca5   Thumb Code    90  key.o(i.keyscan)
    main                                     0x08002d05   Thumb Code   152  main.o(i.main)
    pan_left                                 0x08002db9   Thumb Code    34  servo.o(i.pan_left)
    pan_right                                0x08002de1   Thumb Code    34  servo.o(i.pan_right)
    pitch_down                               0x08002e09   Thumb Code    34  servo.o(i.pitch_down)
    pitch_up                                 0x08002e31   Thumb Code    34  servo.o(i.pitch_up)
    spin_left                                0x08002e59   Thumb Code    38  motor.o(i.spin_left)
    spin_right                               0x08002e7f   Thumb Code    38  motor.o(i.spin_right)
    turn_left                                0x08002ea5   Thumb Code    32  motor.o(i.turn_left)
    turn_right                               0x08002ec5   Thumb Code    30  motor.o(i.turn_right)
    AHBPrescTable                            0x08002ee2   Data          16  system_stm32f1xx.o(.constdata)
    APBPrescTable                            0x08002ef2   Data           8  system_stm32f1xx.o(.constdata)
    Region$$Table$$Base                      0x08002efc   Number         0  anon$$obj.o(Region$$Table)
    Region$$Table$$Limit                     0x08002f1c   Number         0  anon$$obj.o(Region$$Table)
    pan_angle                                0x20000000   Data           4  servo.o(.data)
    pitch_angle                              0x20000004   Data           4  servo.o(.data)
    USART2_RX_STA                            0x20000008   Data           2  usart.o(.data)
    USART2_RX_BUFF                           0x2000000a   Data           1  usart.o(.data)
    USART2_RX                                0x2000000b   Data           3  usart.o(.data)
    uwTickFreq                               0x20000010   Data           1  stm32f1xx_hal.o(.data)
    uwTickPrio                               0x20000014   Data           4  stm32f1xx_hal.o(.data)
    uwTick                                   0x20000018   Data           4  stm32f1xx_hal.o(.data)
    SystemCoreClock                          0x2000001c   Data           4  system_stm32f1xx.o(.data)
    __stdout                                 0x20000020   Data           4  stdout.o(.data)
    htim1                                    0x20000024   Data          72  tim.o(.bss)
    htim2                                    0x2000006c   Data          72  tim.o(.bss)
    htim3                                    0x200000b4   Data          72  tim.o(.bss)
    htim4                                    0x200000fc   Data          72  tim.o(.bss)
    htim8                                    0x20000144   Data          72  tim.o(.bss)
    huart2                                   0x2000018c   Data          68  usart.o(.bss)
    hdma_usart2_tx                           0x200001d0   Data          68  usart.o(.bss)
    __initial_sp                             0x20000618   Data           0  startup_stm32f103xe.o(STACK)



==============================================================================

Memory Map of the image

  Image Entry point : 0x08000131

  Load Region LR_IROM1 (Base: 0x08000000, Size: 0x00002f40, Max: 0x00080000, ABSOLUTE)

    Execution Region ER_IROM1 (Exec base: 0x08000000, Load base: 0x08000000, Size: 0x00002f1c, Max: 0x00080000, ABSOLUTE)

    Exec Addr    Load Addr    Size         Type   Attr      Idx    E Section Name        Object

    0x08000000   0x08000000   0x00000130   Data   RO            3    RESET               startup_stm32f103xe.o
    0x08000130   0x08000130   0x00000000   Code   RO         3167  * .ARM.Collect$$$$00000000  mc_w.l(entry.o)
    0x08000130   0x08000130   0x00000004   Code   RO         3453    .ARM.Collect$$$$00000001  mc_w.l(entry2.o)
    0x08000134   0x08000134   0x00000004   Code   RO         3456    .ARM.Collect$$$$00000004  mc_w.l(entry5.o)
    0x08000138   0x08000138   0x00000000   Code   RO         3458    .ARM.Collect$$$$00000008  mc_w.l(entry7b.o)
    0x08000138   0x08000138   0x00000000   Code   RO         3460    .ARM.Collect$$$$0000000A  mc_w.l(entry8b.o)
    0x08000138   0x08000138   0x00000008   Code   RO         3461    .ARM.Collect$$$$0000000B  mc_w.l(entry9a.o)
    0x08000140   0x08000140   0x00000004   Code   RO         3468    .ARM.Collect$$$$0000000E  mc_w.l(entry12b.o)
    0x08000144   0x08000144   0x00000000   Code   RO         3463    .ARM.Collect$$$$0000000F  mc_w.l(entry10a.o)
    0x08000144   0x08000144   0x00000000   Code   RO         3465    .ARM.Collect$$$$00000011  mc_w.l(entry11a.o)
    0x08000144   0x08000144   0x00000004   Code   RO         3454    .ARM.Collect$$$$00002712  mc_w.l(entry2.o)
    0x08000148   0x08000148   0x00000024   Code   RO            4    .text               startup_stm32f103xe.o
    0x0800016c   0x0800016c   0x00000020   Code   RO         3170    .text               mc_w.l(llushr.o)
    0x0800018c   0x0800018c   0x00000024   Code   RO         3172    .text               mc_w.l(memseta.o)
    0x080001b0   0x080001b0   0x0000014e   Code   RO         3435    .text               mf_w.l(dadd.o)
    0x080002fe   0x080002fe   0x000000e4   Code   RO         3437    .text               mf_w.l(dmul.o)
    0x080003e2   0x080003e2   0x000000de   Code   RO         3439    .text               mf_w.l(ddiv.o)
    0x080004c0   0x080004c0   0x00000012   Code   RO         3441    .text               mf_w.l(fflti.o)
    0x080004d2   0x080004d2   0x0000000a   Code   RO         3443    .text               mf_w.l(ffltui.o)
    0x080004dc   0x080004dc   0x00000028   Code   RO         3447    .text               mf_w.l(ffixui.o)
    0x08000504   0x08000504   0x00000032   Code   RO         3449    .text               mf_w.l(dfixui.o)
    0x08000536   0x08000536   0x00000026   Code   RO         3451    .text               mf_w.l(f2d.o)
    0x0800055c   0x0800055c   0x0000002c   Code   RO         3470    .text               mc_w.l(uidiv.o)
    0x08000588   0x08000588   0x0000001e   Code   RO         3474    .text               mc_w.l(llshl.o)
    0x080005a6   0x080005a6   0x00000024   Code   RO         3476    .text               mc_w.l(llsshr.o)
    0x080005ca   0x080005ca   0x00000000   Code   RO         3478    .text               mc_w.l(iusefp.o)
    0x080005ca   0x080005ca   0x0000006e   Code   RO         3479    .text               mf_w.l(fepilogue.o)
    0x08000638   0x08000638   0x000000ba   Code   RO         3481    .text               mf_w.l(depilogue.o)
    0x080006f2   0x080006f2   0x00000002   PAD
    0x080006f4   0x080006f4   0x00000024   Code   RO         3487    .text               mc_w.l(init.o)
    0x08000718   0x08000718   0x00000002   Code   RO          661    i.BusFault_Handler  stm32f1xx_it.o
    0x0800071a   0x0800071a   0x00000002   PAD
    0x0800071c   0x0800071c   0x0000000c   Code   RO          662    i.DMA1_Channel7_IRQHandler  stm32f1xx_it.o
    0x08000728   0x08000728   0x00000002   Code   RO          663    i.DebugMon_Handler  stm32f1xx_it.o
    0x0800072a   0x0800072a   0x00000006   Code   RO          664    i.EXTI1_IRQHandler  stm32f1xx_it.o
    0x08000730   0x08000730   0x00000008   Code   RO          665    i.EXTI9_5_IRQHandler  stm32f1xx_it.o
    0x08000738   0x08000738   0x00000034   Code   RO          405    i.Error_Handler     main.o
    0x0800076c   0x0800076c   0x00000046   Code   RO         2179    i.HAL_DMA_Abort     stm32f1xx_hal_dma.o
    0x080007b2   0x080007b2   0x00000002   PAD
    0x080007b4   0x080007b4   0x00000130   Code   RO         2180    i.HAL_DMA_Abort_IT  stm32f1xx_hal_dma.o
    0x080008e4   0x080008e4   0x00000248   Code   RO         2184    i.HAL_DMA_IRQHandler  stm32f1xx_hal_dma.o
    0x08000b2c   0x08000b2c   0x0000007c   Code   RO         2185    i.HAL_DMA_Init      stm32f1xx_hal_dma.o
    0x08000ba8   0x08000ba8   0x00000024   Code   RO         1807    i.HAL_Delay         stm32f1xx_hal.o
    0x08000bcc   0x08000bcc   0x0000001c   Code   RO          407    i.HAL_GPIO_EXTI_Callback  main.o
    0x08000be8   0x08000be8   0x00000018   Code   RO         2114    i.HAL_GPIO_EXTI_IRQHandler  stm32f1xx_hal_gpio.o
    0x08000c00   0x08000c00   0x000001f8   Code   RO         2115    i.HAL_GPIO_Init     stm32f1xx_hal_gpio.o
    0x08000df8   0x08000df8   0x0000000a   Code   RO         2117    i.HAL_GPIO_ReadPin  stm32f1xx_hal_gpio.o
    0x08000e02   0x08000e02   0x0000000a   Code   RO         2119    i.HAL_GPIO_WritePin  stm32f1xx_hal_gpio.o
    0x08000e0c   0x08000e0c   0x0000000c   Code   RO         1811    i.HAL_GetTick       stm32f1xx_hal.o
    0x08000e18   0x08000e18   0x00000010   Code   RO         1817    i.HAL_IncTick       stm32f1xx_hal.o
    0x08000e28   0x08000e28   0x00000024   Code   RO         1818    i.HAL_Init          stm32f1xx_hal.o
    0x08000e4c   0x08000e4c   0x00000040   Code   RO         1819    i.HAL_InitTick      stm32f1xx_hal.o
    0x08000e8c   0x08000e8c   0x00000044   Code   RO          767    i.HAL_MspInit       stm32f1xx_hal_msp.o
    0x08000ed0   0x08000ed0   0x0000001a   Code   RO         2275    i.HAL_NVIC_EnableIRQ  stm32f1xx_hal_cortex.o
    0x08000eea   0x08000eea   0x00000002   PAD
    0x08000eec   0x08000eec   0x00000040   Code   RO         2281    i.HAL_NVIC_SetPriority  stm32f1xx_hal_cortex.o
    0x08000f2c   0x08000f2c   0x00000024   Code   RO         2282    i.HAL_NVIC_SetPriorityGrouping  stm32f1xx_hal_cortex.o
    0x08000f50   0x08000f50   0x0000012c   Code   RO         1975    i.HAL_RCC_ClockConfig  stm32f1xx_hal_rcc.o
    0x0800107c   0x0800107c   0x00000020   Code   RO         1982    i.HAL_RCC_GetPCLK1Freq  stm32f1xx_hal_rcc.o
    0x0800109c   0x0800109c   0x00000020   Code   RO         1983    i.HAL_RCC_GetPCLK2Freq  stm32f1xx_hal_rcc.o
    0x080010bc   0x080010bc   0x0000006c   Code   RO         1984    i.HAL_RCC_GetSysClockFreq  stm32f1xx_hal_rcc.o
    0x08001128   0x08001128   0x00000320   Code   RO         1987    i.HAL_RCC_OscConfig  stm32f1xx_hal_rcc.o
    0x08001448   0x08001448   0x00000028   Code   RO         2286    i.HAL_SYSTICK_Config  stm32f1xx_hal_cortex.o
    0x08001470   0x08001470   0x00000002   Code   RO         1533    i.HAL_TIMEx_BreakCallback  stm32f1xx_hal_tim_ex.o
    0x08001472   0x08001472   0x00000002   Code   RO         1534    i.HAL_TIMEx_CommutCallback  stm32f1xx_hal_tim_ex.o
    0x08001474   0x08001474   0x0000007c   Code   RO         1552    i.HAL_TIMEx_MasterConfigSynchronization  stm32f1xx_hal_tim_ex.o
    0x080014f0   0x080014f0   0x0000005a   Code   RO          829    i.HAL_TIM_Base_Init  stm32f1xx_hal_tim.o
    0x0800154a   0x0800154a   0x00000002   PAD
    0x0800154c   0x0800154c   0x0000006c   Code   RO          515    i.HAL_TIM_Base_MspInit  tim.o
    0x080015b8   0x080015b8   0x00000064   Code   RO          832    i.HAL_TIM_Base_Start  stm32f1xx_hal_tim.o
    0x0800161c   0x0800161c   0x000000d6   Code   RO          838    i.HAL_TIM_ConfigClockSource  stm32f1xx_hal_tim.o
    0x080016f2   0x080016f2   0x00000002   Code   RO          863    i.HAL_TIM_IC_CaptureCallback  stm32f1xx_hal_tim.o
    0x080016f4   0x080016f4   0x00000166   Code   RO          877    i.HAL_TIM_IRQHandler  stm32f1xx_hal_tim.o
    0x0800185a   0x0800185a   0x00000002   PAD
    0x0800185c   0x0800185c   0x00000094   Code   RO          516    i.HAL_TIM_MspPostInit  tim.o
    0x080018f0   0x080018f0   0x00000002   Code   RO          880    i.HAL_TIM_OC_DelayElapsedCallback  stm32f1xx_hal_tim.o
    0x080018f2   0x080018f2   0x000000c6   Code   RO          901    i.HAL_TIM_PWM_ConfigChannel  stm32f1xx_hal_tim.o
    0x080019b8   0x080019b8   0x0000005a   Code   RO          904    i.HAL_TIM_PWM_Init  stm32f1xx_hal_tim.o
    0x08001a12   0x08001a12   0x00000002   PAD
    0x08001a14   0x08001a14   0x00000040   Code   RO          518    i.HAL_TIM_PWM_MspInit  tim.o
    0x08001a54   0x08001a54   0x00000002   Code   RO          907    i.HAL_TIM_PWM_PulseFinishedCallback  stm32f1xx_hal_tim.o
    0x08001a56   0x08001a56   0x00000002   PAD
    0x08001a58   0x08001a58   0x000000b4   Code   RO          909    i.HAL_TIM_PWM_Start  stm32f1xx_hal_tim.o
    0x08001b0c   0x08001b0c   0x00000002   Code   RO          915    i.HAL_TIM_PeriodElapsedCallback  stm32f1xx_hal_tim.o
    0x08001b0e   0x08001b0e   0x00000002   Code   RO          920    i.HAL_TIM_TriggerCallback  stm32f1xx_hal_tim.o
    0x08001b10   0x08001b10   0x00000002   Code   RO         2786    i.HAL_UARTEx_RxEventCallback  stm32f1xx_hal_uart.o
    0x08001b12   0x08001b12   0x00000002   Code   RO         2800    i.HAL_UART_ErrorCallback  stm32f1xx_hal_uart.o
    0x08001b14   0x08001b14   0x0000020c   Code   RO         2803    i.HAL_UART_IRQHandler  stm32f1xx_hal_uart.o
    0x08001d20   0x08001d20   0x00000062   Code   RO         2804    i.HAL_UART_Init     stm32f1xx_hal_uart.o
    0x08001d82   0x08001d82   0x00000002   PAD
    0x08001d84   0x08001d84   0x000000b4   Code   RO          605    i.HAL_UART_MspInit  usart.o
    0x08001e38   0x08001e38   0x0000002a   Code   RO         2809    i.HAL_UART_Receive_IT  stm32f1xx_hal_uart.o
    0x08001e62   0x08001e62   0x00000002   PAD
    0x08001e64   0x08001e64   0x00000034   Code   RO          408    i.HAL_UART_RxCpltCallback  main.o
    0x08001e98   0x08001e98   0x000000b2   Code   RO         2812    i.HAL_UART_Transmit  stm32f1xx_hal_uart.o
    0x08001f4a   0x08001f4a   0x00000002   Code   RO         2815    i.HAL_UART_TxCpltCallback  stm32f1xx_hal_uart.o
    0x08001f4c   0x08001f4c   0x00000002   Code   RO          666    i.HardFault_Handler  stm32f1xx_it.o
    0x08001f4e   0x08001f4e   0x00000002   PAD
    0x08001f50   0x08001f50   0x0000002c   Code   RO          490    i.MX_DMA_Init       dma.o
    0x08001f7c   0x08001f7c   0x00000114   Code   RO          466    i.MX_GPIO_Init      gpio.o
    0x08002090   0x08002090   0x0000006c   Code   RO          519    i.MX_TIM1_Init      tim.o
    0x080020fc   0x080020fc   0x00000064   Code   RO          520    i.MX_TIM2_Init      tim.o
    0x08002160   0x08002160   0x00000094   Code   RO          521    i.MX_TIM3_Init      tim.o
    0x080021f4   0x080021f4   0x00000084   Code   RO          522    i.MX_TIM4_Init      tim.o
    0x08002278   0x08002278   0x0000006c   Code   RO          523    i.MX_TIM8_Init      tim.o
    0x080022e4   0x080022e4   0x00000038   Code   RO          606    i.MX_USART2_UART_Init  usart.o
    0x0800231c   0x0800231c   0x00000002   Code   RO          667    i.MemManage_Handler  stm32f1xx_it.o
    0x0800231e   0x0800231e   0x00000002   PAD
    0x08002320   0x08002320   0x0000001c   Code   RO          149    i.Motor_PWM_Start   motor.o
    0x0800233c   0x0800233c   0x00000002   Code   RO          668    i.NMI_Handler       stm32f1xx_it.o
    0x0800233e   0x0800233e   0x00000002   Code   RO          669    i.PendSV_Handler    stm32f1xx_it.o
    0x08002340   0x08002340   0x00000002   Code   RO          670    i.SVC_Handler       stm32f1xx_it.o
    0x08002342   0x08002342   0x00000002   PAD
    0x08002344   0x08002344   0x0000001c   Code   RO          310    i.Servo_PWM_Start   servo.o
    0x08002360   0x08002360   0x00000064   Code   RO          311    i.SetJointAngle     servo.o
    0x080023c4   0x080023c4   0x000000b0   Code   RO          150    i.SetMotorSpeed     motor.o
    0x08002474   0x08002474   0x00000004   Code   RO          671    i.SysTick_Handler   stm32f1xx_it.o
    0x08002478   0x08002478   0x0000005e   Code   RO          409    i.SystemClock_Config  main.o
    0x080024d6   0x080024d6   0x00000002   Code   RO         3133    i.SystemInit        system_stm32f1xx.o
    0x080024d8   0x080024d8   0x0000000c   Code   RO          672    i.TIM8_UP_IRQHandler  stm32f1xx_it.o
    0x080024e4   0x080024e4   0x0000008c   Code   RO          922    i.TIM_Base_SetConfig  stm32f1xx_hal_tim.o
    0x08002570   0x08002570   0x0000001a   Code   RO          923    i.TIM_CCxChannelCmd  stm32f1xx_hal_tim.o
    0x0800258a   0x0800258a   0x00000014   Code   RO          933    i.TIM_ETR_SetConfig  stm32f1xx_hal_tim.o
    0x0800259e   0x0800259e   0x00000010   Code   RO          934    i.TIM_ITRx_SetConfig  stm32f1xx_hal_tim.o
    0x080025ae   0x080025ae   0x00000002   PAD
    0x080025b0   0x080025b0   0x00000060   Code   RO          935    i.TIM_OC1_SetConfig  stm32f1xx_hal_tim.o
    0x08002610   0x08002610   0x0000006c   Code   RO          936    i.TIM_OC2_SetConfig  stm32f1xx_hal_tim.o
    0x0800267c   0x0800267c   0x00000068   Code   RO          937    i.TIM_OC3_SetConfig  stm32f1xx_hal_tim.o
    0x080026e4   0x080026e4   0x00000050   Code   RO          938    i.TIM_OC4_SetConfig  stm32f1xx_hal_tim.o
    0x08002734   0x08002734   0x00000022   Code   RO          940    i.TIM_TI1_ConfigInputStage  stm32f1xx_hal_tim.o
    0x08002756   0x08002756   0x00000024   Code   RO          942    i.TIM_TI2_ConfigInputStage  stm32f1xx_hal_tim.o
    0x0800277a   0x0800277a   0x00000010   Code   RO         2817    i.UART_DMAAbortOnError  stm32f1xx_hal_uart.o
    0x0800278a   0x0800278a   0x00000030   Code   RO         2827    i.UART_EndRxTransfer  stm32f1xx_hal_uart.o
    0x080027ba   0x080027ba   0x000000b6   Code   RO         2829    i.UART_Receive_IT   stm32f1xx_hal_uart.o
    0x08002870   0x08002870   0x000000b8   Code   RO         2830    i.UART_SetConfig    stm32f1xx_hal_uart.o
    0x08002928   0x08002928   0x00000036   Code   RO         2832    i.UART_Start_Receive_IT  stm32f1xx_hal_uart.o
    0x0800295e   0x0800295e   0x00000064   Code   RO         2833    i.UART_WaitOnFlagUntilTimeout  stm32f1xx_hal_uart.o
    0x080029c2   0x080029c2   0x00000002   PAD
    0x080029c4   0x080029c4   0x0000000c   Code   RO          673    i.USART2_IRQHandler  stm32f1xx_it.o
    0x080029d0   0x080029d0   0x00000002   Code   RO          674    i.UsageFault_Handler  stm32f1xx_it.o
    0x080029d2   0x080029d2   0x00000002   PAD
    0x080029d4   0x080029d4   0x00000020   Code   RO         3219    i.__0printf$1       mc_w.l(printf1.o)
    0x080029f4   0x080029f4   0x00000020   Code   RO         2288    i.__NVIC_SetPriority  stm32f1xx_hal_cortex.o
    0x08002a14   0x08002a14   0x0000000e   Code   RO         3491    i.__scatterload_copy  mc_w.l(handlers.o)
    0x08002a22   0x08002a22   0x00000002   Code   RO         3492    i.__scatterload_null  mc_w.l(handlers.o)
    0x08002a24   0x08002a24   0x0000000e   Code   RO         3493    i.__scatterload_zeroinit  mc_w.l(handlers.o)
    0x08002a32   0x08002a32   0x00000002   PAD
    0x08002a34   0x08002a34   0x00000154   Code   RO         3226    i._printf_core      mc_w.l(printf1.o)
    0x08002b88   0x08002b88   0x00000022   Code   RO          151    i.back              motor.o
    0x08002baa   0x08002baa   0x00000002   PAD
    0x08002bac   0x08002bac   0x0000003c   Code   RO          152    i.brake             motor.o
    0x08002be8   0x08002be8   0x00000084   Code   RO          153    i.command_run       motor.o
    0x08002c6c   0x08002c6c   0x00000020   Code   RO          154    i.forward           motor.o
    0x08002c8c   0x08002c8c   0x00000018   Code   RO          608    i.fputc             usart.o
    0x08002ca4   0x08002ca4   0x00000060   Code   RO          122    i.keyscan           key.o
    0x08002d04   0x08002d04   0x000000b4   Code   RO          410    i.main              main.o
    0x08002db8   0x08002db8   0x00000028   Code   RO          312    i.pan_left          servo.o
    0x08002de0   0x08002de0   0x00000028   Code   RO          313    i.pan_right         servo.o
    0x08002e08   0x08002e08   0x00000028   Code   RO          314    i.pitch_down        servo.o
    0x08002e30   0x08002e30   0x00000028   Code   RO          315    i.pitch_up          servo.o
    0x08002e58   0x08002e58   0x00000026   Code   RO          155    i.spin_left         motor.o
    0x08002e7e   0x08002e7e   0x00000026   Code   RO          156    i.spin_right        motor.o
    0x08002ea4   0x08002ea4   0x00000020   Code   RO          157    i.turn_left         motor.o
    0x08002ec4   0x08002ec4   0x0000001e   Code   RO          158    i.turn_right        motor.o
    0x08002ee2   0x08002ee2   0x00000010   Data   RO         3134    .constdata          system_stm32f1xx.o
    0x08002ef2   0x08002ef2   0x00000008   Data   RO         3135    .constdata          system_stm32f1xx.o
    0x08002efa   0x08002efa   0x00000002   PAD
    0x08002efc   0x08002efc   0x00000020   Data   RO         3489    Region$$Table       anon$$obj.o


    Execution Region RW_IRAM1 (Exec base: 0x20000000, Load base: 0x08002f1c, Size: 0x00000618, Max: 0x00010000, ABSOLUTE)

    Exec Addr    Load Addr    Size         Type   Attr      Idx    E Section Name        Object

    0x20000000   0x08002f1c   0x00000008   Data   RW          316    .data               servo.o
    0x20000008   0x08002f24   0x00000002   Data   RW          610    .data               usart.o
    0x2000000a   0x08002f26   0x00000001   Data   RW          611    .data               usart.o
    0x2000000b   0x08002f27   0x00000003   Data   RW          612    .data               usart.o
    0x2000000e   0x08002f2a   0x00000002   PAD
    0x20000010   0x08002f2c   0x0000000c   Data   RW         1825    .data               stm32f1xx_hal.o
    0x2000001c   0x08002f38   0x00000004   Data   RW         3136    .data               system_stm32f1xx.o
    0x20000020   0x08002f3c   0x00000004   Data   RW         3469    .data               mc_w.l(stdout.o)
    0x20000024        -       0x00000168   Zero   RW          525    .bss                tim.o
    0x2000018c        -       0x00000088   Zero   RW          609    .bss                usart.o
    0x20000214   0x08002f40   0x00000004   PAD
    0x20000218        -       0x00000400   Zero   RW            1    STACK               startup_stm32f103xe.o


==============================================================================

Image component sizes


      Code (inc. data)   RO Data    RW Data    ZI Data      Debug   Object Name

         0          0          0          0          0     485400   beeper.o
        44          4          0          0          0        750   dma.o
       276         22          0          0          0       1007   gpio.o
        96          6          0          0          0        466   key.o
       406         62          0          0          0       3255   main.o
       600         42          0          0          0       6333   motor.o
       288         46          0          8          0       3149   servo.o
        36          8        304          0       1024        808   startup_stm32f103xe.o
       164         28          0         12          0       6553   stm32f1xx_hal.o
       198         14          0          0          0      28983   stm32f1xx_hal_cortex.o
      1082         52          0          0          0       3555   stm32f1xx_hal_dma.o
       548         48          0          0          0       4158   stm32f1xx_hal_gpio.o
        68         10          0          0          0        858   stm32f1xx_hal_msp.o
      1272        100          0          0          0       5236   stm32f1xx_hal_rcc.o
      1900         98          0          0          0      16233   stm32f1xx_hal_tim.o
       128         20          0          0          0       2401   stm32f1xx_hal_tim_ex.o
      1432         10          0          0          0      10620   stm32f1xx_hal_uart.o
        70         18          0          0          0       6030   stm32f1xx_it.o
         2          0         24          4          0       1111   system_stm32f1xx.o
       916         90          0          0        360       5554   tim.o
       260         34          0          6        136       2436   usart.o
         0          0          0          0          0       1240   wifi_command.o

    ----------------------------------------------------------------------
      9818        712        362         32       1524     596136   Object Totals
         0          0         32          0          0          0   (incl. Generated)
        32          0          2          2          4          0   (incl. Padding)

    ----------------------------------------------------------------------

      Code (inc. data)   RO Data    RW Data    ZI Data      Debug   Library Member Name

         0          0          0          0          0          0   entry.o
         0          0          0          0          0          0   entry10a.o
         0          0          0          0          0          0   entry11a.o
         4          0          0          0          0          0   entry12b.o
         8          4          0          0          0          0   entry2.o
         4          0          0          0          0          0   entry5.o
         0          0          0          0          0          0   entry7b.o
         0          0          0          0          0          0   entry8b.o
         8          4          0          0          0          0   entry9a.o
        30          0          0          0          0          0   handlers.o
        36          8          0          0          0         68   init.o
         0          0          0          0          0          0   iusefp.o
        30          0          0          0          0         68   llshl.o
        36          0          0          0          0         68   llsshr.o
        32          0          0          0          0         68   llushr.o
        36          0          0          0          0        108   memseta.o
       372         14          0          0          0        184   printf1.o
         0          0          0          4          0          0   stdout.o
        44          0          0          0          0         80   uidiv.o
       334          0          0          0          0        148   dadd.o
       222          0          0          0          0        100   ddiv.o
       186          0          0          0          0        176   depilogue.o
        50          0          0          0          0         76   dfixui.o
       228          0          0          0          0         96   dmul.o
        38          0          0          0          0         68   f2d.o
       110          0          0          0          0        168   fepilogue.o
        40          0          0          0          0         68   ffixui.o
        18          0          0          0          0         68   fflti.o
        10          0          0          0          0         68   ffltui.o

    ----------------------------------------------------------------------
      1880         30          0          4          0       1680   Library Totals
         4          0          0          0          0          0   (incl. Padding)

    ----------------------------------------------------------------------

      Code (inc. data)   RO Data    RW Data    ZI Data      Debug   Library Name

       640         30          0          4          0        644   mc_w.l
      1236          0          0          0          0       1036   mf_w.l

    ----------------------------------------------------------------------
      1880         30          0          4          0       1680   Library Totals

    ----------------------------------------------------------------------

==============================================================================


      Code (inc. data)   RO Data    RW Data    ZI Data      Debug   

     11698        742        362         36       1524     591416   Grand Totals
     11698        742        362         36       1524     591416   ELF Image Totals
     11698        742        362         36          0          0   ROM Totals

==============================================================================

    Total RO  Size (Code + RO Data)                12060 (  11.78kB)
    Total RW  Size (RW Data + ZI Data)              1560 (   1.52kB)
    Total ROM Size (Code + RO Data + RW Data)      12096 (  11.81kB)

==============================================================================

